vsearch v2.22.1_linux_x86_64, 14.9GB RAM, 12 cores
https://github.com/torognes/vsearch

Merging reads 100%
      3136  Pairs
        48  Merged (1.5%)
      3088  Not merged (98.5%)

Pairs that failed merging due to various reasons:
        33  reads too short (after truncation)
      2517  too few kmers found on same diagonal
         1  multiple potential alignments
       165  alignment score too low, or score drop too high
        55  overlap too short
        71  merged fragment too short
         3  merged fragment too long
       243  staggered read pairs

Statistics of all reads:
     76.26  Mean read length

Statistics of merged reads:
    313.00  Mean fragment length
      0.00  Standard deviation of fragment length
      0.05  Mean expected error in forward sequences
      0.04  Mean expected error in reverse sequences
      0.05  Mean expected error in merged sequences
      0.00  Mean observed errors in merged region of forward sequences
      0.00  Mean observed errors in merged region of reverse sequences
      0.00  Mean observed errors in merged region
vsearch v2.22.1_linux_x86_64, 14.9GB RAM, 12 cores
https://github.com/torognes/vsearch

Merging reads 100%
     35643  Pairs
     12003  Merged (33.7%)
     23640  Not merged (66.3%)

Pairs that failed merging due to various reasons:
       223  reads too short (after truncation)
     17127  too few kmers found on same diagonal
      2210  alignment score too low, or score drop too high
      2261  overlap too short
      1245  merged fragment too short
       489  merged fragment too long
        85  staggered read pairs

Statistics of all reads:
    267.01  Mean read length

Statistics of merged reads:
    313.00  Mean fragment length
      0.00  Standard deviation of fragment length
      0.05  Mean expected error in forward sequences
      0.05  Mean expected error in reverse sequences
      0.05  Mean expected error in merged sequences
      0.00  Mean observed errors in merged region of forward sequences
      0.02  Mean observed errors in merged region of reverse sequences
      0.02  Mean observed errors in merged region
vsearch v2.22.1_linux_x86_64, 14.9GB RAM, 12 cores
https://github.com/torognes/vsearch

Merging reads 100%
      2076  Pairs
       159  Merged (7.7%)
      1917  Not merged (92.3%)

Pairs that failed merging due to various reasons:
        20  reads too short (after truncation)
      1006  too few kmers found on same diagonal
       313  alignment score too low, or score drop too high
       148  overlap too short
       306  merged fragment too short
        42  merged fragment too long
        82  staggered read pairs

Statistics of all reads:
    219.58  Mean read length

Statistics of merged reads:
    313.00  Mean fragment length
      0.00  Standard deviation of fragment length
      0.06  Mean expected error in forward sequences
      0.05  Mean expected error in reverse sequences
      0.05  Mean expected error in merged sequences
      0.00  Mean observed errors in merged region of forward sequences
      0.02  Mean observed errors in merged region of reverse sequences
      0.02  Mean observed errors in merged region
vsearch v2.22.1_linux_x86_64, 14.9GB RAM, 12 cores
https://github.com/torognes/vsearch

Merging reads 100%
     14572  Pairs
      2002  Merged (13.7%)
     12570  Not merged (86.3%)

Pairs that failed merging due to various reasons:
       111  reads too short (after truncation)
     10526  too few kmers found on same diagonal
         3  multiple potential alignments
       712  alignment score too low, or score drop too high
       415  overlap too short
       253  merged fragment too short
        19  merged fragment too long
       531  staggered read pairs

Statistics of all reads:
    137.59  Mean read length

Statistics of merged reads:
    313.00  Mean fragment length
      0.00  Standard deviation of fragment length
      0.05  Mean expected error in forward sequences
      0.05  Mean expected error in reverse sequences
      0.05  Mean expected error in merged sequences
      0.00  Mean observed errors in merged region of forward sequences
      0.02  Mean observed errors in merged region of reverse sequences
      0.02  Mean observed errors in merged region
vsearch v2.22.1_linux_x86_64, 14.9GB RAM, 12 cores
https://github.com/torognes/vsearch

Merging reads 100%
      9301  Pairs
       742  Merged (8.0%)
      8559  Not merged (92.0%)

Pairs that failed merging due to various reasons:
        84  reads too short (after truncation)
      7144  too few kmers found on same diagonal
       416  alignment score too low, or score drop too high
       174  overlap too short
       146  merged fragment too short
         5  merged fragment too long
       590  staggered read pairs

Statistics of all reads:
    102.76  Mean read length

Statistics of merged reads:
    313.00  Mean fragment length
      0.00  Standard deviation of fragment length
      0.05  Mean expected error in forward sequences
      0.05  Mean expected error in reverse sequences
      0.05  Mean expected error in merged sequences
      0.00  Mean observed errors in merged region of forward sequences
      0.01  Mean observed errors in merged region of reverse sequences
      0.01  Mean observed errors in merged region
Running external command line application. This may print messages to stdout and/or stderr.
The command being run is below. This command cannot be manually re-run as it will depend on temporary files that no longer exist.

Command: vsearch --fastq_mergepairs /tmp/qiime2/luis/data/525d0eec-1ebc-4dbb-8cd1-07f31c65aef8/data/CTRL-neg-extraction-PUF_S361_L001_R1_001.fastq.gz --reverse /tmp/qiime2/luis/data/525d0eec-1ebc-4dbb-8cd1-07f31c65aef8/data/CTRL-neg-extraction-PUF_S361_L001_R2_001.fastq.gz --fastqout /tmp/qiime2/luis/processes/22673-1761067430.52@luis/tmp/q2-OutPath-__nypyqr/CTRL-neg-extraction-PUF_0_L001_R1_001.fastq --fastqout_notmerged_fwd /tmp/qiime2/luis/processes/22673-1761067430.52@luis/tmp/q2-OutPath-x1vlovig/CTRL-neg-extraction-PUF_0_L001_R1_001.fastq --fastqout_notmerged_rev /tmp/qiime2/luis/processes/22673-1761067430.52@luis/tmp/q2-OutPath-x1vlovig/CTRL-neg-extraction-PUF_0_L001_R2_001.fastq --fastq_ascii 33 --fastq_minlen 1 --fastq_minovlen 50 --fastq_maxdiffs 10 --fastq_qmin 0 --fastq_qminout 0 --fastq_qmax 41 --fastq_qmaxout 41 --fasta_width 0 --fastq_truncqual 20 --fastq_minmergelen 313 --fastq_maxmergelen 313 --fastq_maxee 1 --threads 4

Running external command line application. This may print messages to stdout and/or stderr.
The command being run is below. This command cannot be manually re-run as it will depend on temporary files that no longer exist.

Command: gzip /tmp/qiime2/luis/processes/22673-1761067430.52@luis/tmp/q2-OutPath-__nypyqr/CTRL-neg-extraction-PUF_0_L001_R1_001.fastq /tmp/qiime2/luis/processes/22673-1761067430.52@luis/tmp/q2-OutPath-x1vlovig/CTRL-neg-extraction-PUF_0_L001_R1_001.fastq /tmp/qiime2/luis/processes/22673-1761067430.52@luis/tmp/q2-OutPath-x1vlovig/CTRL-neg-extraction-PUF_0_L001_R2_001.fastq

Running external command line application. This may print messages to stdout and/or stderr.
The command being run is below. This command cannot be manually re-run as it will depend on temporary files that no longer exist.

Command: vsearch --fastq_mergepairs /tmp/qiime2/luis/data/525d0eec-1ebc-4dbb-8cd1-07f31c65aef8/data/PUF-BOT-10_S365_L001_R1_001.fastq.gz --reverse /tmp/qiime2/luis/data/525d0eec-1ebc-4dbb-8cd1-07f31c65aef8/data/PUF-BOT-10_S365_L001_R2_001.fastq.gz --fastqout /tmp/qiime2/luis/processes/22673-1761067430.52@luis/tmp/q2-OutPath-__nypyqr/PUF-BOT-10_1_L001_R1_001.fastq --fastqout_notmerged_fwd /tmp/qiime2/luis/processes/22673-1761067430.52@luis/tmp/q2-OutPath-x1vlovig/PUF-BOT-10_1_L001_R1_001.fastq --fastqout_notmerged_rev /tmp/qiime2/luis/processes/22673-1761067430.52@luis/tmp/q2-OutPath-x1vlovig/PUF-BOT-10_1_L001_R2_001.fastq --fastq_ascii 33 --fastq_minlen 1 --fastq_minovlen 50 --fastq_maxdiffs 10 --fastq_qmin 0 --fastq_qminout 0 --fastq_qmax 41 --fastq_qmaxout 41 --fasta_width 0 --fastq_truncqual 20 --fastq_minmergelen 313 --fastq_maxmergelen 313 --fastq_maxee 1 --threads 4

Running external command line application. This may print messages to stdout and/or stderr.
The command being run is below. This command cannot be manually re-run as it will depend on temporary files that no longer exist.

Command: gzip /tmp/qiime2/luis/processes/22673-1761067430.52@luis/tmp/q2-OutPath-__nypyqr/PUF-BOT-10_1_L001_R1_001.fastq /tmp/qiime2/luis/processes/22673-1761067430.52@luis/tmp/q2-OutPath-x1vlovig/PUF-BOT-10_1_L001_R1_001.fastq /tmp/qiime2/luis/processes/22673-1761067430.52@luis/tmp/q2-OutPath-x1vlovig/PUF-BOT-10_1_L001_R2_001.fastq

Running external command line application. This may print messages to stdout and/or stderr.
The command being run is below. This command cannot be manually re-run as it will depend on temporary files that no longer exist.

Command: vsearch --fastq_mergepairs /tmp/qiime2/luis/data/525d0eec-1ebc-4dbb-8cd1-07f31c65aef8/data/PUF-BOT-3_S364_L001_R1_001.fastq.gz --reverse /tmp/qiime2/luis/data/525d0eec-1ebc-4dbb-8cd1-07f31c65aef8/data/PUF-BOT-3_S364_L001_R2_001.fastq.gz --fastqout /tmp/qiime2/luis/processes/22673-1761067430.52@luis/tmp/q2-OutPath-__nypyqr/PUF-BOT-3_2_L001_R1_001.fastq --fastqout_notmerged_fwd /tmp/qiime2/luis/processes/22673-1761067430.52@luis/tmp/q2-OutPath-x1vlovig/PUF-BOT-3_2_L001_R1_001.fastq --fastqout_notmerged_rev /tmp/qiime2/luis/processes/22673-1761067430.52@luis/tmp/q2-OutPath-x1vlovig/PUF-BOT-3_2_L001_R2_001.fastq --fastq_ascii 33 --fastq_minlen 1 --fastq_minovlen 50 --fastq_maxdiffs 10 --fastq_qmin 0 --fastq_qminout 0 --fastq_qmax 41 --fastq_qmaxout 41 --fasta_width 0 --fastq_truncqual 20 --fastq_minmergelen 313 --fastq_maxmergelen 313 --fastq_maxee 1 --threads 4

Running external command line application. This may print messages to stdout and/or stderr.
The command being run is below. This command cannot be manually re-run as it will depend on temporary files that no longer exist.

Command: gzip /tmp/qiime2/luis/processes/22673-1761067430.52@luis/tmp/q2-OutPath-__nypyqr/PUF-BOT-3_2_L001_R1_001.fastq /tmp/qiime2/luis/processes/22673-1761067430.52@luis/tmp/q2-OutPath-x1vlovig/PUF-BOT-3_2_L001_R1_001.fastq /tmp/qiime2/luis/processes/22673-1761067430.52@luis/tmp/q2-OutPath-x1vlovig/PUF-BOT-3_2_L001_R2_001.fastq

Running external command line application. This may print messages to stdout and/or stderr.
The command being run is below. This command cannot be manually re-run as it will depend on temporary files that no longer exist.

Command: vsearch --fastq_mergepairs /tmp/qiime2/luis/data/525d0eec-1ebc-4dbb-8cd1-07f31c65aef8/data/PUF-BOU-7_S359_L001_R1_001.fastq.gz --reverse /tmp/qiime2/luis/data/525d0eec-1ebc-4dbb-8cd1-07f31c65aef8/data/PUF-BOU-7_S359_L001_R2_001.fastq.gz --fastqout /tmp/qiime2/luis/processes/22673-1761067430.52@luis/tmp/q2-OutPath-__nypyqr/PUF-BOU-7_3_L001_R1_001.fastq --fastqout_notmerged_fwd /tmp/qiime2/luis/processes/22673-1761067430.52@luis/tmp/q2-OutPath-x1vlovig/PUF-BOU-7_3_L001_R1_001.fastq --fastqout_notmerged_rev /tmp/qiime2/luis/processes/22673-1761067430.52@luis/tmp/q2-OutPath-x1vlovig/PUF-BOU-7_3_L001_R2_001.fastq --fastq_ascii 33 --fastq_minlen 1 --fastq_minovlen 50 --fastq_maxdiffs 10 --fastq_qmin 0 --fastq_qminout 0 --fastq_qmax 41 --fastq_qmaxout 41 --fasta_width 0 --fastq_truncqual 20 --fastq_minmergelen 313 --fastq_maxmergelen 313 --fastq_maxee 1 --threads 4

Running external command line application. This may print messages to stdout and/or stderr.
The command being run is below. This command cannot be manually re-run as it will depend on temporary files that no longer exist.

Command: gzip /tmp/qiime2/luis/processes/22673-1761067430.52@luis/tmp/q2-OutPath-__nypyqr/PUF-BOU-7_3_L001_R1_001.fastq /tmp/qiime2/luis/processes/22673-1761067430.52@luis/tmp/q2-OutPath-x1vlovig/PUF-BOU-7_3_L001_R1_001.fastq /tmp/qiime2/luis/processes/22673-1761067430.52@luis/tmp/q2-OutPath-x1vlovig/PUF-BOU-7_3_L001_R2_001.fastq

Running external command line application. This may print messages to stdout and/or stderr.
The command being run is below. This command cannot be manually re-run as it will depend on temporary files that no longer exist.

Command: vsearch --fastq_mergepairs /tmp/qiime2/luis/data/525d0eec-1ebc-4dbb-8cd1-07f31c65aef8/data/PUF-IPEX-1_S360_L001_R1_001.fastq.gz --reverse /tmp/qiime2/luis/data/525d0eec-1ebc-4dbb-8cd1-07f31c65aef8/data/PUF-IPEX-1_S360_L001_R2_001.fastq.gz --fastqout /tmp/qiime2/luis/processes/22673-1761067430.52@luis/tmp/q2-OutPath-__nypyqr/PUF-IPEX-1_4_L001_R1_001.fastq --fastqout_notmerged_fwd /tmp/qiime2/luis/processes/22673-1761067430.52@luis/tmp/q2-OutPath-x1vlovig/PUF-IPEX-1_4_L001_R1_001.fastq --fastqout_notmerged_rev /tmp/qiime2/luis/processes/22673-1761067430.52@luis/tmp/q2-OutPath-x1vlovig/PUF-IPEX-1_4_L001_R2_001.fastq --fastq_ascii 33 --fastq_minlen 1 --fastq_minovlen 50 --fastq_maxdiffs 10 --fastq_qmin 0 --fastq_qminout 0 --fastq_qmax 41 --fastq_qmaxout 41 --fasta_width 0 --fastq_truncqual 20 --fastq_minmergelen 313 --fastq_maxmergelen 313 --fastq_maxee 1 --threads 4

Running external command line application. This may print messages to stdout and/or stderr.
The command being run is below. This command cannot be manually re-run as it will depend on temporary files that no longer exist.

Command: vsearch v2.22.1_linux_x86_64, 14.9GB RAM, 12 cores
https://github.com/torognes/vsearch

Merging reads 100%
     66163  Pairs
     19713  Merged (29.8%)
     46450  Not merged (70.2%)

Pairs that failed merging due to various reasons:
       542  reads too short (after truncation)
     27450  too few kmers found on same diagonal
         1  multiple potential alignments
      9803  alignment score too low, or score drop too high
      4681  overlap too short
      2377  merged fragment too short
      1315  merged fragment too long
       281  staggered read pairs

Statistics of all reads:
    260.46  Mean read length

Statistics of merged reads:
    313.00  Mean fragment length
      0.00  Standard deviation of fragment length
      0.05  Mean expected error in forward sequences
      0.05  Mean expected error in reverse sequences
      0.05  Mean expected error in merged sequences
      0.00  Mean observed errors in merged region of forward sequences
      0.02  Mean observed errors in merged region of reverse sequences
      0.02  Mean observed errors in merged region
vsearch v2.22.1_linux_x86_64, 14.9GB RAM, 12 cores
https://github.com/torognes/vsearch

Merging reads 100%
    112179  Pairs
     38535  Merged (34.4%)
     73644  Not merged (65.6%)

Pairs that failed merging due to various reasons:
       805  reads too short (after truncation)
     52649  too few kmers found on same diagonal
         1  multiple potential alignments
      8558  alignment score too low, or score drop too high
      7174  overlap too short
      3403  merged fragment too short
       546  merged fragment too long
       508  staggered read pairs

Statistics of all reads:
    262.04  Mean read length

Statistics of merged reads:
    313.00  Mean fragment length
      0.00  Standard deviation of fragment length
      0.05  Mean expected error in forward sequences
      0.05  Mean expected error in reverse sequences
      0.05  Mean expected error in merged sequences
      0.00  Mean observed errors in merged region of forward sequences
      0.02  Mean observed errors in merged region of reverse sequences
      0.02  Mean observed errors in merged region
vsearch v2.22.1_linux_x86_64, 14.9GB RAM, 12 cores
https://github.com/torognes/vsearch

Merging reads 100%
    137414  Pairs
     51139  Merged (37.2%)
     86275  Not merged (62.8%)

Pairs that failed merging due to various reasons:
       810  reads too short (after truncation)
     66161  too few kmers found on same diagonal
         2  multiple potential alignments
      7332  alignment score too low, or score drop too high
      8330  overlap too short
      2329  merged fragment too short
       888  merged fragment too long
       423  staggered read pairs

Statistics of all reads:
    267.80  Mean read length

Statistics of merged reads:
    313.00  Mean fragment length
      0.00  Standard deviation of fragment length
      0.05  Mean expected error in forward sequences
      0.05  Mean expected error in reverse sequences
      0.05  Mean expected error in merged sequences
      0.00  Mean observed errors in merged region of forward sequences
      0.02  Mean observed errors in merged region of reverse sequences
      0.02  Mean observed errors in merged region
vsearch v2.22.1_linux_x86_64, 14.9GB RAM, 12 cores
https://github.com/torognes/vsearch

Merging reads 100%
     45874  Pairs
     15010  Merged (32.7%)
     30864  Not merged (67.3%)

Pairs that failed merging due to various reasons:
       286  reads too short (after truncation)
     22283  too few kmers found on same diagonal
         3  multiple potential alignments
      3479  alignment score too low, or score drop too high
      2669  overlap too short
      1187  merged fragment too short
       433  merged fragment too long
       524  staggered read pairs

Statistics of all reads:
    253.58  Mean read length

Statistics of merged reads:
    313.00  Mean fragment length
      0.00  Standard deviation of fragment length
      0.05  Mean expected error in forward sequences
      0.05  Mean expected error in reverse sequences
      0.05  Mean expected error in merged sequences
      0.00  Mean observed errors in merged region of forward sequences
      0.02  Mean observed errors in merged region of reverse sequences
      0.02  Mean observed errors in merged region
vsearch v2.22.1_linux_x86_64, 14.9GB RAM, 12 cores
https://github.com/torognes/vsearch

Merging reads 100%
     72806  Pairs
     24699  Merged (33.9%)
     48107  Not merged (66.1%)

Pairs that failed merging due to various reasons:
       480  reads too short (after truncation)
     36101  too few kmers found on same diagonal
         2  multiple potential alignments
      5473  alignment score too low, or score drop too high
      4168  overlap too short
      1341  merged fragment too short
       368  merged fragment too long
       174  staggered read pairs

Statistics of all reads:
    264.05  Mean read length

Statistics of merged reads:
    313.00  Mean fragment length
      0.00  Standard deviation of fragment length
      0.05  Mean expected error in forward sequences
      0.05  Mean expected error in reverse sequences
      0.05  Mean expected error in merged sequences
      0.00  Mean observed errors in merged region of forward sequences
      0.03  Mean observed errors in merged region of reverse sequences
      0.03  Mean observed errors in merged region
gzip /tmp/qiime2/luis/processes/22673-1761067430.52@luis/tmp/q2-OutPath-__nypyqr/PUF-IPEX-1_4_L001_R1_001.fastq /tmp/qiime2/luis/processes/22673-1761067430.52@luis/tmp/q2-OutPath-x1vlovig/PUF-IPEX-1_4_L001_R1_001.fastq /tmp/qiime2/luis/processes/22673-1761067430.52@luis/tmp/q2-OutPath-x1vlovig/PUF-IPEX-1_4_L001_R2_001.fastq

Running external command line application. This may print messages to stdout and/or stderr.
The command being run is below. This command cannot be manually re-run as it will depend on temporary files that no longer exist.

Command: vsearch --fastq_mergepairs /tmp/qiime2/luis/data/525d0eec-1ebc-4dbb-8cd1-07f31c65aef8/data/PUF-IPEX-3_S362_L001_R1_001.fastq.gz --reverse /tmp/qiime2/luis/data/525d0eec-1ebc-4dbb-8cd1-07f31c65aef8/data/PUF-IPEX-3_S362_L001_R2_001.fastq.gz --fastqout /tmp/qiime2/luis/processes/22673-1761067430.52@luis/tmp/q2-OutPath-__nypyqr/PUF-IPEX-3_5_L001_R1_001.fastq --fastqout_notmerged_fwd /tmp/qiime2/luis/processes/22673-1761067430.52@luis/tmp/q2-OutPath-x1vlovig/PUF-IPEX-3_5_L001_R1_001.fastq --fastqout_notmerged_rev /tmp/qiime2/luis/processes/22673-1761067430.52@luis/tmp/q2-OutPath-x1vlovig/PUF-IPEX-3_5_L001_R2_001.fastq --fastq_ascii 33 --fastq_minlen 1 --fastq_minovlen 50 --fastq_maxdiffs 10 --fastq_qmin 0 --fastq_qminout 0 --fastq_qmax 41 --fastq_qmaxout 41 --fasta_width 0 --fastq_truncqual 20 --fastq_minmergelen 313 --fastq_maxmergelen 313 --fastq_maxee 1 --threads 4

Running external command line application. This may print messages to stdout and/or stderr.
The command being run is below. This command cannot be manually re-run as it will depend on temporary files that no longer exist.

Command: gzip /tmp/qiime2/luis/processes/22673-1761067430.52@luis/tmp/q2-OutPath-__nypyqr/PUF-IPEX-3_5_L001_R1_001.fastq /tmp/qiime2/luis/processes/22673-1761067430.52@luis/tmp/q2-OutPath-x1vlovig/PUF-IPEX-3_5_L001_R1_001.fastq /tmp/qiime2/luis/processes/22673-1761067430.52@luis/tmp/q2-OutPath-x1vlovig/PUF-IPEX-3_5_L001_R2_001.fastq

Running external command line application. This may print messages to stdout and/or stderr.
The command being run is below. This command cannot be manually re-run as it will depend on temporary files that no longer exist.

Command: vsearch --fastq_mergepairs /tmp/qiime2/luis/data/525d0eec-1ebc-4dbb-8cd1-07f31c65aef8/data/PUF-IPEX-8_S363_L001_R1_001.fastq.gz --reverse /tmp/qiime2/luis/data/525d0eec-1ebc-4dbb-8cd1-07f31c65aef8/data/PUF-IPEX-8_S363_L001_R2_001.fastq.gz --fastqout /tmp/qiime2/luis/processes/22673-1761067430.52@luis/tmp/q2-OutPath-__nypyqr/PUF-IPEX-8_6_L001_R1_001.fastq --fastqout_notmerged_fwd /tmp/qiime2/luis/processes/22673-1761067430.52@luis/tmp/q2-OutPath-x1vlovig/PUF-IPEX-8_6_L001_R1_001.fastq --fastqout_notmerged_rev /tmp/qiime2/luis/processes/22673-1761067430.52@luis/tmp/q2-OutPath-x1vlovig/PUF-IPEX-8_6_L001_R2_001.fastq --fastq_ascii 33 --fastq_minlen 1 --fastq_minovlen 50 --fastq_maxdiffs 10 --fastq_qmin 0 --fastq_qminout 0 --fastq_qmax 41 --fastq_qmaxout 41 --fasta_width 0 --fastq_truncqual 20 --fastq_minmergelen 313 --fastq_maxmergelen 313 --fastq_maxee 1 --threads 4

Running external command line application. This may print messages to stdout and/or stderr.
The command being run is below. This command cannot be manually re-run as it will depend on temporary files that no longer exist.

Command: gzip /tmp/qiime2/luis/processes/22673-1761067430.52@luis/tmp/q2-OutPath-__nypyqr/PUF-IPEX-8_6_L001_R1_001.fastq /tmp/qiime2/luis/processes/22673-1761067430.52@luis/tmp/q2-OutPath-x1vlovig/PUF-IPEX-8_6_L001_R1_001.fastq /tmp/qiime2/luis/processes/22673-1761067430.52@luis/tmp/q2-OutPath-x1vlovig/PUF-IPEX-8_6_L001_R2_001.fastq

Running external command line application. This may print messages to stdout and/or stderr.
The command being run is below. This command cannot be manually re-run as it will depend on temporary files that no longer exist.

Command: vsearch --fastq_mergepairs /tmp/qiime2/luis/data/525d0eec-1ebc-4dbb-8cd1-07f31c65aef8/data/PUF-JD-10_S356_L001_R1_001.fastq.gz --reverse /tmp/qiime2/luis/data/525d0eec-1ebc-4dbb-8cd1-07f31c65aef8/data/PUF-JD-10_S356_L001_R2_001.fastq.gz --fastqout /tmp/qiime2/luis/processes/22673-1761067430.52@luis/tmp/q2-OutPath-__nypyqr/PUF-JD-10_7_L001_R1_001.fastq --fastqout_notmerged_fwd /tmp/qiime2/luis/processes/22673-1761067430.52@luis/tmp/q2-OutPath-x1vlovig/PUF-JD-10_7_L001_R1_001.fastq --fastqout_notmerged_rev /tmp/qiime2/luis/processes/22673-1761067430.52@luis/tmp/q2-OutPath-x1vlovig/PUF-JD-10_7_L001_R2_001.fastq --fastq_ascii 33 --fastq_minlen 1 --fastq_minovlen 50 --fastq_maxdiffs 10 --fastq_qmin 0 --fastq_qminout 0 --fastq_qmax 41 --fastq_qmaxout 41 --fasta_width 0 --fastq_truncqual 20 --fastq_minmergelen 313 --fastq_maxmergelen 313 --fastq_maxee 1 --threads 4

Running external command line application. This may print messages to stdout and/or stderr.
The command being run is below. This command cannot be manually re-run as it will depend on temporary files that no longer exist.

Command: gzip /tmp/qiime2/luis/processes/22673-1761067430.52@luis/tmp/q2-OutPath-__nypyqr/PUF-JD-10_7_L001_R1_001.fastq /tmp/qiime2/luis/processes/22673-1761067430.52@luis/tmp/q2-OutPath-x1vlovig/PUF-JD-10_7_L001_R1_001.fastq /tmp/qiime2/luis/processes/22673-1761067430.52@luis/tmp/q2-OutPath-x1vlovig/PUF-JD-10_7_L001_R2_001.fastq

Running external command line application. This may print messages to stdout and/or stderr.
The command being run is below. This command cannot be manually re-run as it will depend on temporary files that no longer exist.

Command: vsearch --fastq_mergepairs /tmp/qiime2/luis/data/525d0eec-1ebc-4dbb-8cd1-07f31c65aef8/data/PUF-JD14_S366_L001_R1_001.fastq.gz --reverse /tmp/qiime2/luis/data/525d0eec-1ebc-4dbb-8cd1-07f31c65aef8/data/PUF-JD14_S366_L001_R2_001.fastq.gz --fastqout /tmp/qiime2/luis/processes/22673-1761067430.52@luis/tmp/q2-OutPath-__nypyqr/PUF-JD14_8_L001_R1_001.fastq --fastqout_notmerged_fwd /tmp/qiime2/luis/processes/22673-1761067430.52@luis/tmp/q2-OutPath-x1vlovig/PUF-JD14_8_L001_R1_001.fastq --fastqout_notmerged_rev /tmp/qiime2/luis/processes/22673-1761067430.52@luis/tmp/q2-OutPath-x1vlovig/PUF-JD14_8_L001_R2_001.fastq --fastq_ascii 33 --fastq_minlen 1 --fastq_minovlen 50 --fastq_maxdiffs 10 --fastq_qmin 0 --fastq_qminout 0 --fastq_qmax 41 --fastq_qmaxout 41 --fasta_width 0 --fastq_truncqual 20 --fastq_minmergelen 313 --fastq_maxmergelen 313 --fastq_maxee 1 --threads 4

Running external command line application. This may print messages to stdout and/or stderr.
The command being run is below. This command cannot be manually re-run as it will depend on temporary files that no longer exist.

Command: gzip /tmp/qiime2/luis/processes/22673-1761067430.52@luis/tmp/q2-OutPath-__nypyqr/PUF-JD14_8_L001_R1_001.fastq /tmp/qiime2/luis/processes/22673-1761067430.52@luis/tmp/q2-OutPath-x1vlovig/PUF-JD14_8_L001_R1_001.fastq /tmp/qiime2/luis/processes/22673-1761067430.52@luis/tmp/q2-OutPath-x1vlovig/PUF-JD14_8_L001_R2_001.fastq

Running external command line application. This may print messages to stdout and/or stderr.
The command being run is below. This command cannot be manually re-run as it will depend on temporary files that no longer exist.

Command: vsearch --fastq_mergepairs /tmp/qiime2/luis/data/525d0eec-1ebc-4dbb-8cd1-07f31c65aef8/data/PUF-MBO-4_S357_L001_R1_001.fastq.gz --reverse /tmp/qiime2/luis/data/525d0eec-1ebc-4dbb-8cd1-07f31c65aef8/data/PUF-MBO-4_S357_L001_R2_001.fastq.gz --fastqout /tmp/qiime2/luis/processes/22673-1761067430.52@luis/tmp/q2-OutPath-__nypyqr/PUF-MBO-4_9_L001_R1_001.fastq --fastqout_notmerged_fwd /tmp/qiime2/luis/processes/22673-1761067430.52@luis/tmp/q2-OutPath-x1vlovig/PUF-MBO-4_9_L001_R1_001.fastq --fastqout_notmerged_rev /tmp/qiime2/luis/processes/22673-1761067430.52@luis/tmp/q2-OutPath-x1vlovig/PUF-MBO-4_9_L001_R2_001.fastq --fastq_ascii 33 --fastq_minlen 1 --fastq_minovlen 50 --fastq_maxdiffs 10 --fastq_qmin 0 --fastq_qminout 0 --fastq_qmax 41 --fastq_qmaxout 41 --fasta_width 0 --fastq_truncqual 20 --fastq_minmergelen 313 --fastq_maxmergelen 313 --fastq_maxee 1 --threads 4

Running external command line application. This may print messages to stdout and/or stderr.
vsearch v2.22.1_linux_x86_64, 14.9GB RAM, 12 cores
https://github.com/torognes/vsearch

Merging reads 100%
      4142  Pairs
         0  Merged (0.0%)
      4142  Not merged (100.0%)

Pairs that failed merging due to various reasons:
        36  reads too short (after truncation)
      3520  too few kmers found on same diagonal
       151  alignment score too low, or score drop too high
        33  overlap too short
         1  merged fragment too short
       401  staggered read pairs

Statistics of all reads:
     43.55  Mean read length
The command being run is below. This command cannot be manually re-run as it will depend on temporary files that no longer exist.

Command: gzip /tmp/qiime2/luis/processes/22673-1761067430.52@luis/tmp/q2-OutPath-__nypyqr/PUF-MBO-4_9_L001_R1_001.fastq /tmp/qiime2/luis/processes/22673-1761067430.52@luis/tmp/q2-OutPath-x1vlovig/PUF-MBO-4_9_L001_R1_001.fastq /tmp/qiime2/luis/processes/22673-1761067430.52@luis/tmp/q2-OutPath-x1vlovig/PUF-MBO-4_9_L001_R2_001.fastq

Running external command line application. This may print messages to stdout and/or stderr.
The command being run is below. This command cannot be manually re-run as it will depend on temporary files that no longer exist.

Command: vsearch --fastq_mergepairs /tmp/qiime2/luis/data/525d0eec-1ebc-4dbb-8cd1-07f31c65aef8/data/ctrl-PCR-neg-PUF_S358_L001_R1_001.fastq.gz --reverse /tmp/qiime2/luis/data/525d0eec-1ebc-4dbb-8cd1-07f31c65aef8/data/ctrl-PCR-neg-PUF_S358_L001_R2_001.fastq.gz --fastqout /tmp/qiime2/luis/processes/22673-1761067430.52@luis/tmp/q2-OutPath-__nypyqr/ctrl-PCR-neg-PUF_10_L001_R1_001.fastq --fastqout_notmerged_fwd /tmp/qiime2/luis/processes/22673-1761067430.52@luis/tmp/q2-OutPath-x1vlovig/ctrl-PCR-neg-PUF_10_L001_R1_001.fastq --fastqout_notmerged_rev /tmp/qiime2/luis/processes/22673-1761067430.52@luis/tmp/q2-OutPath-x1vlovig/ctrl-PCR-neg-PUF_10_L001_R2_001.fastq --fastq_ascii 33 --fastq_minlen 1 --fastq_minovlen 50 --fastq_maxdiffs 10 --fastq_qmin 0 --fastq_qminout 0 --fastq_qmax 41 --fastq_qmaxout 41 --fasta_width 0 --fastq_truncqual 20 --fastq_minmergelen 313 --fastq_maxmergelen 313 --fastq_maxee 1 --threads 4

Running external command line application. This may print messages to stdout and/or stderr.
The command being run is below. This command cannot be manually re-run as it will depend on temporary files that no longer exist.

Command: gzip /tmp/qiime2/luis/processes/22673-1761067430.52@luis/tmp/q2-OutPath-__nypyqr/ctrl-PCR-neg-PUF_10_L001_R1_001.fastq /tmp/qiime2/luis/processes/22673-1761067430.52@luis/tmp/q2-OutPath-x1vlovig/ctrl-PCR-neg-PUF_10_L001_R1_001.fastq /tmp/qiime2/luis/processes/22673-1761067430.52@luis/tmp/q2-OutPath-x1vlovig/ctrl-PCR-neg-PUF_10_L001_R2_001.fastq

Saved SampleData[JoinedSequencesWithQuality] to: ../data/03_merged_t20_l50.qza
Saved SampleData[PairedEndSequencesWithQuality] to: ../data/03_unmerged_t20_l50.qza
