vsearch v2.22.1_linux_x86_64, 14.9GB RAM, 12 cores
https://github.com/torognes/vsearch

Merging reads 100%
      3136  Pairs
         0  Merged (0.0%)
      3136  Not merged (100.0%)

Pairs that failed merging due to various reasons:
        33  reads too short (after truncation)
      2517  too few kmers found on same diagonal
         1  multiple potential alignments
       165  alignment score too low, or score drop too high
       177  overlap too short
       243  staggered read pairs

Statistics of all reads:
     76.26  Mean read length
vsearch v2.22.1_linux_x86_64, 14.9GB RAM, 12 cores
https://github.com/torognes/vsearch

Merging reads 100%
     35643  Pairs
      1043  Merged (2.9%)
     34600  Not merged (97.1%)

Pairs that failed merging due to various reasons:
       223  reads too short (after truncation)
     17127  too few kmers found on same diagonal
      2210  alignment score too low, or score drop too high
     14903  overlap too short
        23  merged fragment too short
        29  merged fragment too long
        85  staggered read pairs

Statistics of all reads:
    267.01  Mean read length

Statistics of merged reads:
    313.00  Mean fragment length
      0.00  Standard deviation of fragment length
      0.05  Mean expected error in forward sequences
      0.07  Mean expected error in reverse sequences
      0.04  Mean expected error in merged sequences
      0.00  Mean observed errors in merged region of forward sequences
      0.01  Mean observed errors in merged region of reverse sequences
      0.01  Mean observed errors in merged region
vsearch v2.22.1_linux_x86_64, 14.9GB RAM, 12 cores
https://github.com/torognes/vsearch

Merging reads 100%
      2076  Pairs
         1  Merged (0.0%)
      2075  Not merged (100.0%)

Pairs that failed merging due to various reasons:
        20  reads too short (after truncation)
      1006  too few kmers found on same diagonal
       313  alignment score too low, or score drop too high
       653  overlap too short
         1  merged fragment too short
        82  staggered read pairs

Statistics of all reads:
    219.58  Mean read length

Statistics of merged reads:
    313.00  Mean fragment length
      0.00  Standard deviation of fragment length
      0.05  Mean expected error in forward sequences
      0.09  Mean expected error in reverse sequences
      0.04  Mean expected error in merged sequences
      0.00  Mean observed errors in merged region of forward sequences
      0.00  Mean observed errors in merged region of reverse sequences
      0.00  Mean observed errors in merged region
vsearch v2.22.1_linux_x86_64, 14.9GB RAM, 12 cores
https://github.com/torognes/vsearch

Merging reads 100%
     14572  Pairs
        87  Merged (0.6%)
     14485  Not merged (99.4%)

Pairs that failed merging due to various reasons:
       111  reads too short (after truncation)
     10526  too few kmers found on same diagonal
         3  multiple potential alignments
       712  alignment score too low, or score drop too high
      2592  overlap too short
         9  merged fragment too short
         1  merged fragment too long
       531  staggered read pairs

Statistics of all reads:
    137.59  Mean read length

Statistics of merged reads:
    313.00  Mean fragment length
      0.00  Standard deviation of fragment length
      0.05  Mean expected error in forward sequences
      0.07  Mean expected error in reverse sequences
      0.04  Mean expected error in merged sequences
      0.00  Mean observed errors in merged region of forward sequences
      0.01  Mean observed errors in merged region of reverse sequences
      0.01  Mean observed errors in merged region
vsearch v2.22.1_linux_x86_64, 14.9GB RAM, 12 cores
https://github.com/torognes/vsearch

Merging reads 100%
      9301  Pairs
        63  Merged (0.7%)
      9238  Not merged (99.3%)

Pairs that failed merging due to various reasons:
        84  reads too short (after truncation)
      7144  too few kmers found on same diagonal
       416  alignment score too low, or score drop too high
       990  overlap too short
        13  merged fragment too short
         1  merged fragment too long
       590  staggered read pairs

Statistics of all reads:
    102.76  Mean read length

Statistics of merged reads:
    313.00  Mean fragment length
      0.00  Standard deviation of fragment length
      0.05  Mean expected error in forward sequences
      0.07  Mean expected error in reverse sequences
      0.04  Mean expected error in merged sequences
      0.00  Mean observed errors in merged region of forward sequences
      0.02  Mean observed errors in merged region of reverse sequences
      0.02  Mean observed errors in merged region
Running external command line application. This may print messages to stdout and/or stderr.
The command being run is below. This command cannot be manually re-run as it will depend on temporary files that no longer exist.

Command: vsearch --fastq_mergepairs /tmp/qiime2/luis/data/525d0eec-1ebc-4dbb-8cd1-07f31c65aef8/data/CTRL-neg-extraction-PUF_S361_L001_R1_001.fastq.gz --reverse /tmp/qiime2/luis/data/525d0eec-1ebc-4dbb-8cd1-07f31c65aef8/data/CTRL-neg-extraction-PUF_S361_L001_R2_001.fastq.gz --fastqout /tmp/qiime2/luis/processes/24802-1761067911.91@luis/tmp/q2-OutPath-ak4jm7kv/CTRL-neg-extraction-PUF_0_L001_R1_001.fastq --fastqout_notmerged_fwd /tmp/qiime2/luis/processes/24802-1761067911.91@luis/tmp/q2-OutPath-l4g3sko2/CTRL-neg-extraction-PUF_0_L001_R1_001.fastq --fastqout_notmerged_rev /tmp/qiime2/luis/processes/24802-1761067911.91@luis/tmp/q2-OutPath-l4g3sko2/CTRL-neg-extraction-PUF_0_L001_R2_001.fastq --fastq_ascii 33 --fastq_minlen 1 --fastq_minovlen 200 --fastq_maxdiffs 10 --fastq_qmin 0 --fastq_qminout 0 --fastq_qmax 41 --fastq_qmaxout 41 --fasta_width 0 --fastq_truncqual 20 --fastq_minmergelen 313 --fastq_maxmergelen 313 --fastq_maxee 1 --threads 4

Running external command line application. This may print messages to stdout and/or stderr.
The command being run is below. This command cannot be manually re-run as it will depend on temporary files that no longer exist.

Command: gzip /tmp/qiime2/luis/processes/24802-1761067911.91@luis/tmp/q2-OutPath-ak4jm7kv/CTRL-neg-extraction-PUF_0_L001_R1_001.fastq /tmp/qiime2/luis/processes/24802-1761067911.91@luis/tmp/q2-OutPath-l4g3sko2/CTRL-neg-extraction-PUF_0_L001_R1_001.fastq /tmp/qiime2/luis/processes/24802-1761067911.91@luis/tmp/q2-OutPath-l4g3sko2/CTRL-neg-extraction-PUF_0_L001_R2_001.fastq

Running external command line application. This may print messages to stdout and/or stderr.
The command being run is below. This command cannot be manually re-run as it will depend on temporary files that no longer exist.

Command: vsearch --fastq_mergepairs /tmp/qiime2/luis/data/525d0eec-1ebc-4dbb-8cd1-07f31c65aef8/data/PUF-BOT-10_S365_L001_R1_001.fastq.gz --reverse /tmp/qiime2/luis/data/525d0eec-1ebc-4dbb-8cd1-07f31c65aef8/data/PUF-BOT-10_S365_L001_R2_001.fastq.gz --fastqout /tmp/qiime2/luis/processes/24802-1761067911.91@luis/tmp/q2-OutPath-ak4jm7kv/PUF-BOT-10_1_L001_R1_001.fastq --fastqout_notmerged_fwd /tmp/qiime2/luis/processes/24802-1761067911.91@luis/tmp/q2-OutPath-l4g3sko2/PUF-BOT-10_1_L001_R1_001.fastq --fastqout_notmerged_rev /tmp/qiime2/luis/processes/24802-1761067911.91@luis/tmp/q2-OutPath-l4g3sko2/PUF-BOT-10_1_L001_R2_001.fastq --fastq_ascii 33 --fastq_minlen 1 --fastq_minovlen 200 --fastq_maxdiffs 10 --fastq_qmin 0 --fastq_qminout 0 --fastq_qmax 41 --fastq_qmaxout 41 --fasta_width 0 --fastq_truncqual 20 --fastq_minmergelen 313 --fastq_maxmergelen 313 --fastq_maxee 1 --threads 4

Running external command line application. This may print messages to stdout and/or stderr.
The command being run is below. This command cannot be manually re-run as it will depend on temporary files that no longer exist.

Command: gzip /tmp/qiime2/luis/processes/24802-1761067911.91@luis/tmp/q2-OutPath-ak4jm7kv/PUF-BOT-10_1_L001_R1_001.fastq /tmp/qiime2/luis/processes/24802-1761067911.91@luis/tmp/q2-OutPath-l4g3sko2/PUF-BOT-10_1_L001_R1_001.fastq /tmp/qiime2/luis/processes/24802-1761067911.91@luis/tmp/q2-OutPath-l4g3sko2/PUF-BOT-10_1_L001_R2_001.fastq

Running external command line application. This may print messages to stdout and/or stderr.
The command being run is below. This command cannot be manually re-run as it will depend on temporary files that no longer exist.

Command: vsearch --fastq_mergepairs /tmp/qiime2/luis/data/525d0eec-1ebc-4dbb-8cd1-07f31c65aef8/data/PUF-BOT-3_S364_L001_R1_001.fastq.gz --reverse /tmp/qiime2/luis/data/525d0eec-1ebc-4dbb-8cd1-07f31c65aef8/data/PUF-BOT-3_S364_L001_R2_001.fastq.gz --fastqout /tmp/qiime2/luis/processes/24802-1761067911.91@luis/tmp/q2-OutPath-ak4jm7kv/PUF-BOT-3_2_L001_R1_001.fastq --fastqout_notmerged_fwd /tmp/qiime2/luis/processes/24802-1761067911.91@luis/tmp/q2-OutPath-l4g3sko2/PUF-BOT-3_2_L001_R1_001.fastq --fastqout_notmerged_rev /tmp/qiime2/luis/processes/24802-1761067911.91@luis/tmp/q2-OutPath-l4g3sko2/PUF-BOT-3_2_L001_R2_001.fastq --fastq_ascii 33 --fastq_minlen 1 --fastq_minovlen 200 --fastq_maxdiffs 10 --fastq_qmin 0 --fastq_qminout 0 --fastq_qmax 41 --fastq_qmaxout 41 --fasta_width 0 --fastq_truncqual 20 --fastq_minmergelen 313 --fastq_maxmergelen 313 --fastq_maxee 1 --threads 4

Running external command line application. This may print messages to stdout and/or stderr.
The command being run is below. This command cannot be manually re-run as it will depend on temporary files that no longer exist.

Command: gzip /tmp/qiime2/luis/processes/24802-1761067911.91@luis/tmp/q2-OutPath-ak4jm7kv/PUF-BOT-3_2_L001_R1_001.fastq /tmp/qiime2/luis/processes/24802-1761067911.91@luis/tmp/q2-OutPath-l4g3sko2/PUF-BOT-3_2_L001_R1_001.fastq /tmp/qiime2/luis/processes/24802-1761067911.91@luis/tmp/q2-OutPath-l4g3sko2/PUF-BOT-3_2_L001_R2_001.fastq

Running external command line application. This may print messages to stdout and/or stderr.
The command being run is below. This command cannot be manually re-run as it will depend on temporary files that no longer exist.

Command: vsearch --fastq_mergepairs /tmp/qiime2/luis/data/525d0eec-1ebc-4dbb-8cd1-07f31c65aef8/data/PUF-BOU-7_S359_L001_R1_001.fastq.gz --reverse /tmp/qiime2/luis/data/525d0eec-1ebc-4dbb-8cd1-07f31c65aef8/data/PUF-BOU-7_S359_L001_R2_001.fastq.gz --fastqout /tmp/qiime2/luis/processes/24802-1761067911.91@luis/tmp/q2-OutPath-ak4jm7kv/PUF-BOU-7_3_L001_R1_001.fastq --fastqout_notmerged_fwd /tmp/qiime2/luis/processes/24802-1761067911.91@luis/tmp/q2-OutPath-l4g3sko2/PUF-BOU-7_3_L001_R1_001.fastq --fastqout_notmerged_rev /tmp/qiime2/luis/processes/24802-1761067911.91@luis/tmp/q2-OutPath-l4g3sko2/PUF-BOU-7_3_L001_R2_001.fastq --fastq_ascii 33 --fastq_minlen 1 --fastq_minovlen 200 --fastq_maxdiffs 10 --fastq_qmin 0 --fastq_qminout 0 --fastq_qmax 41 --fastq_qmaxout 41 --fasta_width 0 --fastq_truncqual 20 --fastq_minmergelen 313 --fastq_maxmergelen 313 --fastq_maxee 1 --threads 4

Running external command line application. This may print messages to stdout and/or stderr.
The command being run is below. This command cannot be manually re-run as it will depend on temporary files that no longer exist.

Command: gzip /tmp/qiime2/luis/processes/24802-1761067911.91@luis/tmp/q2-OutPath-ak4jm7kv/PUF-BOU-7_3_L001_R1_001.fastq /tmp/qiime2/luis/processes/24802-1761067911.91@luis/tmp/q2-OutPath-l4g3sko2/PUF-BOU-7_3_L001_R1_001.fastq /tmp/qiime2/luis/processes/24802-1761067911.91@luis/tmp/q2-OutPath-l4g3sko2/PUF-BOU-7_3_L001_R2_001.fastq

Running external command line application. This may print messages to stdout and/or stderr.
The command being run is below. This command cannot be manually re-run as it will depend on temporary files that no longer exist.

Command: vsearch --fastq_mergepairs /tmp/qiime2/luis/data/525d0eec-1ebc-4dbb-8cd1-07f31c65aef8/data/PUF-IPEX-1_S360_L001_R1_001.fastq.gz --reverse /tmp/qiime2/luis/data/525d0eec-1ebc-4dbb-8cd1-07f31c65aef8/data/PUF-IPEX-1_S360_L001_R2_001.fastq.gz --fastqout /tmp/qiime2/luis/processes/24802-1761067911.91@luis/tmp/q2-OutPath-ak4jm7kv/PUF-IPEX-1_4_L001_R1_001.fastq --fastqout_notmerged_fwd /tmp/qiime2/luis/processes/24802-1761067911.91@luis/tmp/q2-OutPath-l4g3sko2/PUF-IPEX-1_4_L001_R1_001.fastq --fastqout_notmerged_rev /tmp/qiime2/luis/processes/24802-1761067911.91@luis/tmp/q2-OutPath-l4g3sko2/PUF-IPEX-1_4_L001_R2_001.fastq --fastq_ascii 33 --fastq_minlen 1 --fastq_minovlen 200 --fastq_maxdiffs 10 --fastq_qmin 0 --fastq_qminout 0 --fastq_qmax 41 --fastq_qmaxout 41 --fasta_width 0 --fastq_truncqual 20 --fastq_minmergelen 313 --fastq_maxmergelen 313 --fastq_maxee 1 --threads 4

Running external command line application. This may print messages to stdout and/or stderr.
The command being run is below. This command cannot be manually re-run as it will depend on temporary files that no longer exist.

Command: vsearch v2.22.1_linux_x86_64, 14.9GB RAM, 12 cores
https://github.com/torognes/vsearch

Merging reads 100%
     66163  Pairs
       595  Merged (0.9%)
     65568  Not merged (99.1%)

Pairs that failed merging due to various reasons:
       542  reads too short (after truncation)
     27450  too few kmers found on same diagonal
         1  multiple potential alignments
      9803  alignment score too low, or score drop too high
     27421  overlap too short
        55  merged fragment too short
        15  merged fragment too long
       281  staggered read pairs

Statistics of all reads:
    260.46  Mean read length

Statistics of merged reads:
    313.00  Mean fragment length
      0.00  Standard deviation of fragment length
      0.05  Mean expected error in forward sequences
      0.07  Mean expected error in reverse sequences
      0.04  Mean expected error in merged sequences
      0.00  Mean observed errors in merged region of forward sequences
      0.02  Mean observed errors in merged region of reverse sequences
      0.02  Mean observed errors in merged region
vsearch v2.22.1_linux_x86_64, 14.9GB RAM, 12 cores
https://github.com/torognes/vsearch

Merging reads 100%
    112179  Pairs
      2421  Merged (2.2%)
    109758  Not merged (97.8%)

Pairs that failed merging due to various reasons:
       805  reads too short (after truncation)
     52649  too few kmers found on same diagonal
         1  multiple potential alignments
      8558  alignment score too low, or score drop too high
     47037  overlap too short
       165  merged fragment too short
        35  merged fragment too long
       508  staggered read pairs

Statistics of all reads:
    262.04  Mean read length

Statistics of merged reads:
    313.00  Mean fragment length
      0.00  Standard deviation of fragment length
      0.05  Mean expected error in forward sequences
      0.07  Mean expected error in reverse sequences
      0.04  Mean expected error in merged sequences
      0.00  Mean observed errors in merged region of forward sequences
      0.03  Mean observed errors in merged region of reverse sequences
      0.03  Mean observed errors in merged region
vsearch v2.22.1_linux_x86_64, 14.9GB RAM, 12 cores
https://github.com/torognes/vsearch

Merging reads 100%
    137414  Pairs
      3005  Merged (2.2%)
    134409  Not merged (97.8%)

Pairs that failed merging due to various reasons:
       810  reads too short (after truncation)
     66161  too few kmers found on same diagonal
         2  multiple potential alignments
      7332  alignment score too low, or score drop too high
     59540  overlap too short
        99  merged fragment too short
        42  merged fragment too long
       423  staggered read pairs

Statistics of all reads:
    267.80  Mean read length

Statistics of merged reads:
    313.00  Mean fragment length
      0.00  Standard deviation of fragment length
      0.05  Mean expected error in forward sequences
      0.07  Mean expected error in reverse sequences
      0.04  Mean expected error in merged sequences
      0.00  Mean observed errors in merged region of forward sequences
      0.01  Mean observed errors in merged region of reverse sequences
      0.01  Mean observed errors in merged region
vsearch v2.22.1_linux_x86_64, 14.9GB RAM, 12 cores
https://github.com/torognes/vsearch

Merging reads 100%
     45874  Pairs
      1231  Merged (2.7%)
     44643  Not merged (97.3%)

Pairs that failed merging due to various reasons:
       286  reads too short (after truncation)
     22283  too few kmers found on same diagonal
         3  multiple potential alignments
      3479  alignment score too low, or score drop too high
     17994  overlap too short
        53  merged fragment too short
        21  merged fragment too long
       524  staggered read pairs

Statistics of all reads:
    253.58  Mean read length

Statistics of merged reads:
    313.00  Mean fragment length
      0.00  Standard deviation of fragment length
      0.05  Mean expected error in forward sequences
      0.07  Mean expected error in reverse sequences
      0.04  Mean expected error in merged sequences
      0.00  Mean observed errors in merged region of forward sequences
      0.01  Mean observed errors in merged region of reverse sequences
      0.01  Mean observed errors in merged region
vsearch v2.22.1_linux_x86_64, 14.9GB RAM, 12 cores
https://github.com/torognes/vsearch

Merging reads 100%
     72806  Pairs
      1249  Merged (1.7%)
     71557  Not merged (98.3%)

Pairs that failed merging due to various reasons:
       480  reads too short (after truncation)
     36101  too few kmers found on same diagonal
         2  multiple potential alignments
      5473  alignment score too low, or score drop too high
     29284  overlap too short
        27  merged fragment too short
        16  merged fragment too long
       174  staggered read pairs

Statistics of all reads:
    264.05  Mean read length

Statistics of merged reads:
    313.00  Mean fragment length
      0.00  Standard deviation of fragment length
      0.05  Mean expected error in forward sequences
      0.07  Mean expected error in reverse sequences
      0.04  Mean expected error in merged sequences
      0.00  Mean observed errors in merged region of forward sequences
      0.02  Mean observed errors in merged region of reverse sequences
      0.02  Mean observed errors in merged region
gzip /tmp/qiime2/luis/processes/24802-1761067911.91@luis/tmp/q2-OutPath-ak4jm7kv/PUF-IPEX-1_4_L001_R1_001.fastq /tmp/qiime2/luis/processes/24802-1761067911.91@luis/tmp/q2-OutPath-l4g3sko2/PUF-IPEX-1_4_L001_R1_001.fastq /tmp/qiime2/luis/processes/24802-1761067911.91@luis/tmp/q2-OutPath-l4g3sko2/PUF-IPEX-1_4_L001_R2_001.fastq

Running external command line application. This may print messages to stdout and/or stderr.
The command being run is below. This command cannot be manually re-run as it will depend on temporary files that no longer exist.

Command: vsearch --fastq_mergepairs /tmp/qiime2/luis/data/525d0eec-1ebc-4dbb-8cd1-07f31c65aef8/data/PUF-IPEX-3_S362_L001_R1_001.fastq.gz --reverse /tmp/qiime2/luis/data/525d0eec-1ebc-4dbb-8cd1-07f31c65aef8/data/PUF-IPEX-3_S362_L001_R2_001.fastq.gz --fastqout /tmp/qiime2/luis/processes/24802-1761067911.91@luis/tmp/q2-OutPath-ak4jm7kv/PUF-IPEX-3_5_L001_R1_001.fastq --fastqout_notmerged_fwd /tmp/qiime2/luis/processes/24802-1761067911.91@luis/tmp/q2-OutPath-l4g3sko2/PUF-IPEX-3_5_L001_R1_001.fastq --fastqout_notmerged_rev /tmp/qiime2/luis/processes/24802-1761067911.91@luis/tmp/q2-OutPath-l4g3sko2/PUF-IPEX-3_5_L001_R2_001.fastq --fastq_ascii 33 --fastq_minlen 1 --fastq_minovlen 200 --fastq_maxdiffs 10 --fastq_qmin 0 --fastq_qminout 0 --fastq_qmax 41 --fastq_qmaxout 41 --fasta_width 0 --fastq_truncqual 20 --fastq_minmergelen 313 --fastq_maxmergelen 313 --fastq_maxee 1 --threads 4

Running external command line application. This may print messages to stdout and/or stderr.
The command being run is below. This command cannot be manually re-run as it will depend on temporary files that no longer exist.

Command: gzip /tmp/qiime2/luis/processes/24802-1761067911.91@luis/tmp/q2-OutPath-ak4jm7kv/PUF-IPEX-3_5_L001_R1_001.fastq /tmp/qiime2/luis/processes/24802-1761067911.91@luis/tmp/q2-OutPath-l4g3sko2/PUF-IPEX-3_5_L001_R1_001.fastq /tmp/qiime2/luis/processes/24802-1761067911.91@luis/tmp/q2-OutPath-l4g3sko2/PUF-IPEX-3_5_L001_R2_001.fastq

Running external command line application. This may print messages to stdout and/or stderr.
The command being run is below. This command cannot be manually re-run as it will depend on temporary files that no longer exist.

Command: vsearch --fastq_mergepairs /tmp/qiime2/luis/data/525d0eec-1ebc-4dbb-8cd1-07f31c65aef8/data/PUF-IPEX-8_S363_L001_R1_001.fastq.gz --reverse /tmp/qiime2/luis/data/525d0eec-1ebc-4dbb-8cd1-07f31c65aef8/data/PUF-IPEX-8_S363_L001_R2_001.fastq.gz --fastqout /tmp/qiime2/luis/processes/24802-1761067911.91@luis/tmp/q2-OutPath-ak4jm7kv/PUF-IPEX-8_6_L001_R1_001.fastq --fastqout_notmerged_fwd /tmp/qiime2/luis/processes/24802-1761067911.91@luis/tmp/q2-OutPath-l4g3sko2/PUF-IPEX-8_6_L001_R1_001.fastq --fastqout_notmerged_rev /tmp/qiime2/luis/processes/24802-1761067911.91@luis/tmp/q2-OutPath-l4g3sko2/PUF-IPEX-8_6_L001_R2_001.fastq --fastq_ascii 33 --fastq_minlen 1 --fastq_minovlen 200 --fastq_maxdiffs 10 --fastq_qmin 0 --fastq_qminout 0 --fastq_qmax 41 --fastq_qmaxout 41 --fasta_width 0 --fastq_truncqual 20 --fastq_minmergelen 313 --fastq_maxmergelen 313 --fastq_maxee 1 --threads 4

Running external command line application. This may print messages to stdout and/or stderr.
The command being run is below. This command cannot be manually re-run as it will depend on temporary files that no longer exist.

Command: gzip /tmp/qiime2/luis/processes/24802-1761067911.91@luis/tmp/q2-OutPath-ak4jm7kv/PUF-IPEX-8_6_L001_R1_001.fastq /tmp/qiime2/luis/processes/24802-1761067911.91@luis/tmp/q2-OutPath-l4g3sko2/PUF-IPEX-8_6_L001_R1_001.fastq /tmp/qiime2/luis/processes/24802-1761067911.91@luis/tmp/q2-OutPath-l4g3sko2/PUF-IPEX-8_6_L001_R2_001.fastq

Running external command line application. This may print messages to stdout and/or stderr.
The command being run is below. This command cannot be manually re-run as it will depend on temporary files that no longer exist.

Command: vsearch --fastq_mergepairs /tmp/qiime2/luis/data/525d0eec-1ebc-4dbb-8cd1-07f31c65aef8/data/PUF-JD-10_S356_L001_R1_001.fastq.gz --reverse /tmp/qiime2/luis/data/525d0eec-1ebc-4dbb-8cd1-07f31c65aef8/data/PUF-JD-10_S356_L001_R2_001.fastq.gz --fastqout /tmp/qiime2/luis/processes/24802-1761067911.91@luis/tmp/q2-OutPath-ak4jm7kv/PUF-JD-10_7_L001_R1_001.fastq --fastqout_notmerged_fwd /tmp/qiime2/luis/processes/24802-1761067911.91@luis/tmp/q2-OutPath-l4g3sko2/PUF-JD-10_7_L001_R1_001.fastq --fastqout_notmerged_rev /tmp/qiime2/luis/processes/24802-1761067911.91@luis/tmp/q2-OutPath-l4g3sko2/PUF-JD-10_7_L001_R2_001.fastq --fastq_ascii 33 --fastq_minlen 1 --fastq_minovlen 200 --fastq_maxdiffs 10 --fastq_qmin 0 --fastq_qminout 0 --fastq_qmax 41 --fastq_qmaxout 41 --fasta_width 0 --fastq_truncqual 20 --fastq_minmergelen 313 --fastq_maxmergelen 313 --fastq_maxee 1 --threads 4

Running external command line application. This may print messages to stdout and/or stderr.
The command being run is below. This command cannot be manually re-run as it will depend on temporary files that no longer exist.

Command: gzip /tmp/qiime2/luis/processes/24802-1761067911.91@luis/tmp/q2-OutPath-ak4jm7kv/PUF-JD-10_7_L001_R1_001.fastq /tmp/qiime2/luis/processes/24802-1761067911.91@luis/tmp/q2-OutPath-l4g3sko2/PUF-JD-10_7_L001_R1_001.fastq /tmp/qiime2/luis/processes/24802-1761067911.91@luis/tmp/q2-OutPath-l4g3sko2/PUF-JD-10_7_L001_R2_001.fastq

Running external command line application. This may print messages to stdout and/or stderr.
The command being run is below. This command cannot be manually re-run as it will depend on temporary files that no longer exist.

Command: vsearch --fastq_mergepairs /tmp/qiime2/luis/data/525d0eec-1ebc-4dbb-8cd1-07f31c65aef8/data/PUF-JD14_S366_L001_R1_001.fastq.gz --reverse /tmp/qiime2/luis/data/525d0eec-1ebc-4dbb-8cd1-07f31c65aef8/data/PUF-JD14_S366_L001_R2_001.fastq.gz --fastqout /tmp/qiime2/luis/processes/24802-1761067911.91@luis/tmp/q2-OutPath-ak4jm7kv/PUF-JD14_8_L001_R1_001.fastq --fastqout_notmerged_fwd /tmp/qiime2/luis/processes/24802-1761067911.91@luis/tmp/q2-OutPath-l4g3sko2/PUF-JD14_8_L001_R1_001.fastq --fastqout_notmerged_rev /tmp/qiime2/luis/processes/24802-1761067911.91@luis/tmp/q2-OutPath-l4g3sko2/PUF-JD14_8_L001_R2_001.fastq --fastq_ascii 33 --fastq_minlen 1 --fastq_minovlen 200 --fastq_maxdiffs 10 --fastq_qmin 0 --fastq_qminout 0 --fastq_qmax 41 --fastq_qmaxout 41 --fasta_width 0 --fastq_truncqual 20 --fastq_minmergelen 313 --fastq_maxmergelen 313 --fastq_maxee 1 --threads 4

Running external command line application. This may print messages to stdout and/or stderr.
The command being run is below. This command cannot be manually re-run as it will depend on temporary files that no longer exist.

Command: gzip /tmp/qiime2/luis/processes/24802-1761067911.91@luis/tmp/q2-OutPath-ak4jm7kv/PUF-JD14_8_L001_R1_001.fastq /tmp/qiime2/luis/processes/24802-1761067911.91@luis/tmp/q2-OutPath-l4g3sko2/PUF-JD14_8_L001_R1_001.fastq /tmp/qiime2/luis/processes/24802-1761067911.91@luis/tmp/q2-OutPath-l4g3sko2/PUF-JD14_8_L001_R2_001.fastq

Running external command line application. This may print messages to stdout and/or stderr.
The command being run is below. This command cannot be manually re-run as it will depend on temporary files that no longer exist.

Command: vsearch --fastq_mergepairs /tmp/qiime2/luis/data/525d0eec-1ebc-4dbb-8cd1-07f31c65aef8/data/PUF-MBO-4_S357_L001_R1_001.fastq.gz --reverse /tmp/qiime2/luis/data/525d0eec-1ebc-4dbb-8cd1-07f31c65aef8/data/PUF-MBO-4_S357_L001_R2_001.fastq.gz --fastqout /tmp/qiime2/luis/processes/24802-1761067911.91@luis/tmp/q2-OutPath-ak4jm7kv/PUF-MBO-4_9_L001_R1_001.fastq --fastqout_notmerged_fwd /tmp/qiime2/luis/processes/24802-1761067911.91@luis/tmp/q2-OutPath-l4g3sko2/PUF-MBO-4_9_L001_R1_001.fastq --fastqout_notmerged_rev /tmp/qiime2/luis/processes/24802-1761067911.91@luis/tmp/q2-OutPath-l4g3sko2/PUF-MBO-4_9_L001_R2_001.fastq --fastq_ascii 33 --fastq_minlen 1 --fastq_minovlen 200 --fastq_maxdiffs 10 --fastq_qmin 0 --fastq_qminout 0 --fastq_qmax 41 --fastq_qmaxout 41 --fasta_width 0 --fastq_truncqual 20 --fastq_minmergelen 313 --fastq_maxmergelen 313 --fastq_maxee 1 --threads 4

Running external command line application. This may print messages to stdout and/or stderr.
vsearch v2.22.1_linux_x86_64, 14.9GB RAM, 12 cores
https://github.com/torognes/vsearch

Merging reads 100%
      4142  Pairs
         0  Merged (0.0%)
      4142  Not merged (100.0%)

Pairs that failed merging due to various reasons:
        36  reads too short (after truncation)
      3520  too few kmers found on same diagonal
       151  alignment score too low, or score drop too high
        34  overlap too short
       401  staggered read pairs

Statistics of all reads:
     43.55  Mean read length
The command being run is below. This command cannot be manually re-run as it will depend on temporary files that no longer exist.

Command: gzip /tmp/qiime2/luis/processes/24802-1761067911.91@luis/tmp/q2-OutPath-ak4jm7kv/PUF-MBO-4_9_L001_R1_001.fastq /tmp/qiime2/luis/processes/24802-1761067911.91@luis/tmp/q2-OutPath-l4g3sko2/PUF-MBO-4_9_L001_R1_001.fastq /tmp/qiime2/luis/processes/24802-1761067911.91@luis/tmp/q2-OutPath-l4g3sko2/PUF-MBO-4_9_L001_R2_001.fastq

Running external command line application. This may print messages to stdout and/or stderr.
The command being run is below. This command cannot be manually re-run as it will depend on temporary files that no longer exist.

Command: vsearch --fastq_mergepairs /tmp/qiime2/luis/data/525d0eec-1ebc-4dbb-8cd1-07f31c65aef8/data/ctrl-PCR-neg-PUF_S358_L001_R1_001.fastq.gz --reverse /tmp/qiime2/luis/data/525d0eec-1ebc-4dbb-8cd1-07f31c65aef8/data/ctrl-PCR-neg-PUF_S358_L001_R2_001.fastq.gz --fastqout /tmp/qiime2/luis/processes/24802-1761067911.91@luis/tmp/q2-OutPath-ak4jm7kv/ctrl-PCR-neg-PUF_10_L001_R1_001.fastq --fastqout_notmerged_fwd /tmp/qiime2/luis/processes/24802-1761067911.91@luis/tmp/q2-OutPath-l4g3sko2/ctrl-PCR-neg-PUF_10_L001_R1_001.fastq --fastqout_notmerged_rev /tmp/qiime2/luis/processes/24802-1761067911.91@luis/tmp/q2-OutPath-l4g3sko2/ctrl-PCR-neg-PUF_10_L001_R2_001.fastq --fastq_ascii 33 --fastq_minlen 1 --fastq_minovlen 200 --fastq_maxdiffs 10 --fastq_qmin 0 --fastq_qminout 0 --fastq_qmax 41 --fastq_qmaxout 41 --fasta_width 0 --fastq_truncqual 20 --fastq_minmergelen 313 --fastq_maxmergelen 313 --fastq_maxee 1 --threads 4

Running external command line application. This may print messages to stdout and/or stderr.
The command being run is below. This command cannot be manually re-run as it will depend on temporary files that no longer exist.

Command: gzip /tmp/qiime2/luis/processes/24802-1761067911.91@luis/tmp/q2-OutPath-ak4jm7kv/ctrl-PCR-neg-PUF_10_L001_R1_001.fastq /tmp/qiime2/luis/processes/24802-1761067911.91@luis/tmp/q2-OutPath-l4g3sko2/ctrl-PCR-neg-PUF_10_L001_R1_001.fastq /tmp/qiime2/luis/processes/24802-1761067911.91@luis/tmp/q2-OutPath-l4g3sko2/ctrl-PCR-neg-PUF_10_L001_R2_001.fastq

Saved SampleData[JoinedSequencesWithQuality] to: ../data/03_merged_t20_l200.qza
Saved SampleData[PairedEndSequencesWithQuality] to: ../data/03_unmerged_t20_l200.qza
