vsearch v2.22.1_linux_x86_64, 14.9GB RAM, 12 cores
https://github.com/torognes/vsearch

Merging reads 100%
      3136  Pairs
         0  Merged (0.0%)
      3136  Not merged (100.0%)

Pairs that failed merging due to various reasons:
       100  reads too short (after truncation)
      2604  too few kmers found on same diagonal
         1  multiple potential alignments
       140  alignment score too low, or score drop too high
       102  overlap too short
       189  staggered read pairs

Statistics of all reads:
     76.26  Mean read length
vsearch v2.22.1_linux_x86_64, 14.9GB RAM, 12 cores
https://github.com/torognes/vsearch

Merging reads 100%
     35643  Pairs
       126  Merged (0.4%)
     35517  Not merged (99.6%)

Pairs that failed merging due to various reasons:
       657  reads too short (after truncation)
     23235  too few kmers found on same diagonal
      2368  alignment score too low, or score drop too high
      9188  overlap too short
         3  merged fragment too short
         4  merged fragment too long
        62  staggered read pairs

Statistics of all reads:
    267.01  Mean read length

Statistics of merged reads:
    313.00  Mean fragment length
      0.00  Standard deviation of fragment length
      0.05  Mean expected error in forward sequences
      0.05  Mean expected error in reverse sequences
      0.04  Mean expected error in merged sequences
      0.00  Mean observed errors in merged region of forward sequences
      0.01  Mean observed errors in merged region of reverse sequences
      0.01  Mean observed errors in merged region
vsearch v2.22.1_linux_x86_64, 14.9GB RAM, 12 cores
https://github.com/torognes/vsearch

Merging reads 100%
      2076  Pairs
         0  Merged (0.0%)
      2076  Not merged (100.0%)

Pairs that failed merging due to various reasons:
        49  reads too short (after truncation)
      1329  too few kmers found on same diagonal
       320  alignment score too low, or score drop too high
       331  overlap too short
        47  staggered read pairs

Statistics of all reads:
    219.58  Mean read length
vsearch v2.22.1_linux_x86_64, 14.9GB RAM, 12 cores
https://github.com/torognes/vsearch

Merging reads 100%
     14572  Pairs
        12  Merged (0.1%)
     14560  Not merged (99.9%)

Pairs that failed merging due to various reasons:
       366  reads too short (after truncation)
     11546  too few kmers found on same diagonal
         5  multiple potential alignments
       759  alignment score too low, or score drop too high
      1444  overlap too short
         1  merged fragment too short
       439  staggered read pairs

Statistics of all reads:
    137.59  Mean read length

Statistics of merged reads:
    313.00  Mean fragment length
      0.00  Standard deviation of fragment length
      0.05  Mean expected error in forward sequences
      0.05  Mean expected error in reverse sequences
      0.03  Mean expected error in merged sequences
      0.00  Mean observed errors in merged region of forward sequences
      0.00  Mean observed errors in merged region of reverse sequences
      0.00  Mean observed errors in merged region
vsearch v2.22.1_linux_x86_64, 14.9GB RAM, 12 cores
https://github.com/torognes/vsearch

Merging reads 100%
      9301  Pairs
         7  Merged (0.1%)
      9294  Not merged (99.9%)

Pairs that failed merging due to various reasons:
       233  reads too short (after truncation)
      7600  too few kmers found on same diagonal
       390  alignment score too low, or score drop too high
       585  overlap too short
         4  merged fragment too short
       482  staggered read pairs

Statistics of all reads:
    102.76  Mean read length

Statistics of merged reads:
    313.00  Mean fragment length
      0.00  Standard deviation of fragment length
      0.05  Mean expected error in forward sequences
      0.05  Mean expected error in reverse sequences
      0.03  Mean expected error in merged sequences
      0.00  Mean observed errors in merged region of forward sequences
      0.00  Mean observed errors in merged region of reverse sequences
      0.00  Mean observed errors in merged region
Running external command line application. This may print messages to stdout and/or stderr.
The command being run is below. This command cannot be manually re-run as it will depend on temporary files that no longer exist.

Command: vsearch --fastq_mergepairs /tmp/qiime2/luis/data/525d0eec-1ebc-4dbb-8cd1-07f31c65aef8/data/CTRL-neg-extraction-PUF_S361_L001_R1_001.fastq.gz --reverse /tmp/qiime2/luis/data/525d0eec-1ebc-4dbb-8cd1-07f31c65aef8/data/CTRL-neg-extraction-PUF_S361_L001_R2_001.fastq.gz --fastqout /tmp/qiime2/luis/processes/27613-1761068474.11@luis/tmp/q2-OutPath-qgae9c0w/CTRL-neg-extraction-PUF_0_L001_R1_001.fastq --fastqout_notmerged_fwd /tmp/qiime2/luis/processes/27613-1761068474.11@luis/tmp/q2-OutPath-znp8s205/CTRL-neg-extraction-PUF_0_L001_R1_001.fastq --fastqout_notmerged_rev /tmp/qiime2/luis/processes/27613-1761068474.11@luis/tmp/q2-OutPath-znp8s205/CTRL-neg-extraction-PUF_0_L001_R2_001.fastq --fastq_ascii 33 --fastq_minlen 1 --fastq_minovlen 200 --fastq_maxdiffs 10 --fastq_qmin 0 --fastq_qminout 0 --fastq_qmax 41 --fastq_qmaxout 41 --fasta_width 0 --fastq_truncqual 26 --fastq_minmergelen 313 --fastq_maxmergelen 313 --fastq_maxee 1 --threads 4

Running external command line application. This may print messages to stdout and/or stderr.
The command being run is below. This command cannot be manually re-run as it will depend on temporary files that no longer exist.

Command: gzip /tmp/qiime2/luis/processes/27613-1761068474.11@luis/tmp/q2-OutPath-qgae9c0w/CTRL-neg-extraction-PUF_0_L001_R1_001.fastq /tmp/qiime2/luis/processes/27613-1761068474.11@luis/tmp/q2-OutPath-znp8s205/CTRL-neg-extraction-PUF_0_L001_R1_001.fastq /tmp/qiime2/luis/processes/27613-1761068474.11@luis/tmp/q2-OutPath-znp8s205/CTRL-neg-extraction-PUF_0_L001_R2_001.fastq

Running external command line application. This may print messages to stdout and/or stderr.
The command being run is below. This command cannot be manually re-run as it will depend on temporary files that no longer exist.

Command: vsearch --fastq_mergepairs /tmp/qiime2/luis/data/525d0eec-1ebc-4dbb-8cd1-07f31c65aef8/data/PUF-BOT-10_S365_L001_R1_001.fastq.gz --reverse /tmp/qiime2/luis/data/525d0eec-1ebc-4dbb-8cd1-07f31c65aef8/data/PUF-BOT-10_S365_L001_R2_001.fastq.gz --fastqout /tmp/qiime2/luis/processes/27613-1761068474.11@luis/tmp/q2-OutPath-qgae9c0w/PUF-BOT-10_1_L001_R1_001.fastq --fastqout_notmerged_fwd /tmp/qiime2/luis/processes/27613-1761068474.11@luis/tmp/q2-OutPath-znp8s205/PUF-BOT-10_1_L001_R1_001.fastq --fastqout_notmerged_rev /tmp/qiime2/luis/processes/27613-1761068474.11@luis/tmp/q2-OutPath-znp8s205/PUF-BOT-10_1_L001_R2_001.fastq --fastq_ascii 33 --fastq_minlen 1 --fastq_minovlen 200 --fastq_maxdiffs 10 --fastq_qmin 0 --fastq_qminout 0 --fastq_qmax 41 --fastq_qmaxout 41 --fasta_width 0 --fastq_truncqual 26 --fastq_minmergelen 313 --fastq_maxmergelen 313 --fastq_maxee 1 --threads 4

Running external command line application. This may print messages to stdout and/or stderr.
The command being run is below. This command cannot be manually re-run as it will depend on temporary files that no longer exist.

Command: gzip /tmp/qiime2/luis/processes/27613-1761068474.11@luis/tmp/q2-OutPath-qgae9c0w/PUF-BOT-10_1_L001_R1_001.fastq /tmp/qiime2/luis/processes/27613-1761068474.11@luis/tmp/q2-OutPath-znp8s205/PUF-BOT-10_1_L001_R1_001.fastq /tmp/qiime2/luis/processes/27613-1761068474.11@luis/tmp/q2-OutPath-znp8s205/PUF-BOT-10_1_L001_R2_001.fastq

Running external command line application. This may print messages to stdout and/or stderr.
The command being run is below. This command cannot be manually re-run as it will depend on temporary files that no longer exist.

Command: vsearch --fastq_mergepairs /tmp/qiime2/luis/data/525d0eec-1ebc-4dbb-8cd1-07f31c65aef8/data/PUF-BOT-3_S364_L001_R1_001.fastq.gz --reverse /tmp/qiime2/luis/data/525d0eec-1ebc-4dbb-8cd1-07f31c65aef8/data/PUF-BOT-3_S364_L001_R2_001.fastq.gz --fastqout /tmp/qiime2/luis/processes/27613-1761068474.11@luis/tmp/q2-OutPath-qgae9c0w/PUF-BOT-3_2_L001_R1_001.fastq --fastqout_notmerged_fwd /tmp/qiime2/luis/processes/27613-1761068474.11@luis/tmp/q2-OutPath-znp8s205/PUF-BOT-3_2_L001_R1_001.fastq --fastqout_notmerged_rev /tmp/qiime2/luis/processes/27613-1761068474.11@luis/tmp/q2-OutPath-znp8s205/PUF-BOT-3_2_L001_R2_001.fastq --fastq_ascii 33 --fastq_minlen 1 --fastq_minovlen 200 --fastq_maxdiffs 10 --fastq_qmin 0 --fastq_qminout 0 --fastq_qmax 41 --fastq_qmaxout 41 --fasta_width 0 --fastq_truncqual 26 --fastq_minmergelen 313 --fastq_maxmergelen 313 --fastq_maxee 1 --threads 4

Running external command line application. This may print messages to stdout and/or stderr.
The command being run is below. This command cannot be manually re-run as it will depend on temporary files that no longer exist.

Command: gzip /tmp/qiime2/luis/processes/27613-1761068474.11@luis/tmp/q2-OutPath-qgae9c0w/PUF-BOT-3_2_L001_R1_001.fastq /tmp/qiime2/luis/processes/27613-1761068474.11@luis/tmp/q2-OutPath-znp8s205/PUF-BOT-3_2_L001_R1_001.fastq /tmp/qiime2/luis/processes/27613-1761068474.11@luis/tmp/q2-OutPath-znp8s205/PUF-BOT-3_2_L001_R2_001.fastq

Running external command line application. This may print messages to stdout and/or stderr.
The command being run is below. This command cannot be manually re-run as it will depend on temporary files that no longer exist.

Command: vsearch --fastq_mergepairs /tmp/qiime2/luis/data/525d0eec-1ebc-4dbb-8cd1-07f31c65aef8/data/PUF-BOU-7_S359_L001_R1_001.fastq.gz --reverse /tmp/qiime2/luis/data/525d0eec-1ebc-4dbb-8cd1-07f31c65aef8/data/PUF-BOU-7_S359_L001_R2_001.fastq.gz --fastqout /tmp/qiime2/luis/processes/27613-1761068474.11@luis/tmp/q2-OutPath-qgae9c0w/PUF-BOU-7_3_L001_R1_001.fastq --fastqout_notmerged_fwd /tmp/qiime2/luis/processes/27613-1761068474.11@luis/tmp/q2-OutPath-znp8s205/PUF-BOU-7_3_L001_R1_001.fastq --fastqout_notmerged_rev /tmp/qiime2/luis/processes/27613-1761068474.11@luis/tmp/q2-OutPath-znp8s205/PUF-BOU-7_3_L001_R2_001.fastq --fastq_ascii 33 --fastq_minlen 1 --fastq_minovlen 200 --fastq_maxdiffs 10 --fastq_qmin 0 --fastq_qminout 0 --fastq_qmax 41 --fastq_qmaxout 41 --fasta_width 0 --fastq_truncqual 26 --fastq_minmergelen 313 --fastq_maxmergelen 313 --fastq_maxee 1 --threads 4

Running external command line application. This may print messages to stdout and/or stderr.
The command being run is below. This command cannot be manually re-run as it will depend on temporary files that no longer exist.

Command: gzip /tmp/qiime2/luis/processes/27613-1761068474.11@luis/tmp/q2-OutPath-qgae9c0w/PUF-BOU-7_3_L001_R1_001.fastq /tmp/qiime2/luis/processes/27613-1761068474.11@luis/tmp/q2-OutPath-znp8s205/PUF-BOU-7_3_L001_R1_001.fastq /tmp/qiime2/luis/processes/27613-1761068474.11@luis/tmp/q2-OutPath-znp8s205/PUF-BOU-7_3_L001_R2_001.fastq

Running external command line application. This may print messages to stdout and/or stderr.
The command being run is below. This command cannot be manually re-run as it will depend on temporary files that no longer exist.

Command: vsearch --fastq_mergepairs /tmp/qiime2/luis/data/525d0eec-1ebc-4dbb-8cd1-07f31c65aef8/data/PUF-IPEX-1_S360_L001_R1_001.fastq.gz --reverse /tmp/qiime2/luis/data/525d0eec-1ebc-4dbb-8cd1-07f31c65aef8/data/PUF-IPEX-1_S360_L001_R2_001.fastq.gz --fastqout /tmp/qiime2/luis/processes/27613-1761068474.11@luis/tmp/q2-OutPath-qgae9c0w/PUF-IPEX-1_4_L001_R1_001.fastq --fastqout_notmerged_fwd /tmp/qiime2/luis/processes/27613-1761068474.11@luis/tmp/q2-OutPath-znp8s205/PUF-IPEX-1_4_L001_R1_001.fastq --fastqout_notmerged_rev /tmp/qiime2/luis/processes/27613-1761068474.11@luis/tmp/q2-OutPath-znp8s205/PUF-IPEX-1_4_L001_R2_001.fastq --fastq_ascii 33 --fastq_minlen 1 --fastq_minovlen 200 --fastq_maxdiffs 10 --fastq_qmin 0 --fastq_qminout 0 --fastq_qmax 41 --fastq_qmaxout 41 --fasta_width 0 --fastq_truncqual 26 --fastq_minmergelen 313 --fastq_maxmergelen 313 --fastq_maxee 1 --threads 4

Running external command line application. This may print messages to stdout and/or stderr.
The command being run is below. This command cannot be manually re-run as it will depend on temporary files that no longer exist.

Command: vsearch v2.22.1_linux_x86_64, 14.9GB RAM, 12 cores
https://github.com/torognes/vsearch

Merging reads 100%
     66163  Pairs
        53  Merged (0.1%)
     66110  Not merged (99.9%)

Pairs that failed merging due to various reasons:
      1557  reads too short (after truncation)
     38247  too few kmers found on same diagonal
         2  multiple potential alignments
     10750  alignment score too low, or score drop too high
     15338  overlap too short
         6  merged fragment too short
         1  merged fragment too long
       209  staggered read pairs

Statistics of all reads:
    260.46  Mean read length

Statistics of merged reads:
    313.00  Mean fragment length
      0.00  Standard deviation of fragment length
      0.05  Mean expected error in forward sequences
      0.05  Mean expected error in reverse sequences
      0.03  Mean expected error in merged sequences
      0.00  Mean observed errors in merged region of forward sequences
      0.00  Mean observed errors in merged region of reverse sequences
      0.00  Mean observed errors in merged region
vsearch v2.22.1_linux_x86_64, 14.9GB RAM, 12 cores
https://github.com/torognes/vsearch

Merging reads 100%
    112179  Pairs
       218  Merged (0.2%)
    111961  Not merged (99.8%)

Pairs that failed merging due to various reasons:
      2393  reads too short (after truncation)
     70390  too few kmers found on same diagonal
         1  multiple potential alignments
     10806  alignment score too low, or score drop too high
     27970  overlap too short
        13  merged fragment too short
         1  merged fragment too long
       387  staggered read pairs

Statistics of all reads:
    262.04  Mean read length

Statistics of merged reads:
    313.00  Mean fragment length
      0.00  Standard deviation of fragment length
      0.05  Mean expected error in forward sequences
      0.05  Mean expected error in reverse sequences
      0.03  Mean expected error in merged sequences
      0.00  Mean observed errors in merged region of forward sequences
      0.01  Mean observed errors in merged region of reverse sequences
      0.01  Mean observed errors in merged region
vsearch v2.22.1_linux_x86_64, 14.9GB RAM, 12 cores
https://github.com/torognes/vsearch

Merging reads 100%
    137414  Pairs
       322  Merged (0.2%)
    137092  Not merged (99.8%)

Pairs that failed merging due to various reasons:
      2588  reads too short (after truncation)
     88373  too few kmers found on same diagonal
         1  multiple potential alignments
      8505  alignment score too low, or score drop too high
     37288  overlap too short
         6  merged fragment too short
         3  merged fragment too long
       328  staggered read pairs

Statistics of all reads:
    267.80  Mean read length

Statistics of merged reads:
    313.00  Mean fragment length
      0.00  Standard deviation of fragment length
      0.05  Mean expected error in forward sequences
      0.05  Mean expected error in reverse sequences
      0.03  Mean expected error in merged sequences
      0.00  Mean observed errors in merged region of forward sequences
      0.00  Mean observed errors in merged region of reverse sequences
      0.00  Mean observed errors in merged region
vsearch v2.22.1_linux_x86_64, 14.9GB RAM, 12 cores
https://github.com/torognes/vsearch

Merging reads 100%
     45874  Pairs
       145  Merged (0.3%)
     45729  Not merged (99.7%)

Pairs that failed merging due to various reasons:
       889  reads too short (after truncation)
     29552  too few kmers found on same diagonal
         2  multiple potential alignments
      3936  alignment score too low, or score drop too high
     10916  overlap too short
         7  merged fragment too short
         2  merged fragment too long
       425  staggered read pairs

Statistics of all reads:
    253.58  Mean read length

Statistics of merged reads:
    313.00  Mean fragment length
      0.00  Standard deviation of fragment length
      0.05  Mean expected error in forward sequences
      0.05  Mean expected error in reverse sequences
      0.03  Mean expected error in merged sequences
      0.00  Mean observed errors in merged region of forward sequences
      0.00  Mean observed errors in merged region of reverse sequences
      0.00  Mean observed errors in merged region
vsearch v2.22.1_linux_x86_64, 14.9GB RAM, 12 cores
https://github.com/torognes/vsearch

Merging reads 100%
     72806  Pairs
       141  Merged (0.2%)
     72665  Not merged (99.8%)

Pairs that failed merging due to various reasons:
      1430  reads too short (after truncation)
     48371  too few kmers found on same diagonal
      6350  alignment score too low, or score drop too high
     16378  overlap too short
       136  staggered read pairs

Statistics of all reads:
    264.05  Mean read length

Statistics of merged reads:
    313.00  Mean fragment length
      0.00  Standard deviation of fragment length
      0.05  Mean expected error in forward sequences
      0.05  Mean expected error in reverse sequences
      0.03  Mean expected error in merged sequences
      0.00  Mean observed errors in merged region of forward sequences
      0.00  Mean observed errors in merged region of reverse sequences
      0.00  Mean observed errors in merged region
gzip /tmp/qiime2/luis/processes/27613-1761068474.11@luis/tmp/q2-OutPath-qgae9c0w/PUF-IPEX-1_4_L001_R1_001.fastq /tmp/qiime2/luis/processes/27613-1761068474.11@luis/tmp/q2-OutPath-znp8s205/PUF-IPEX-1_4_L001_R1_001.fastq /tmp/qiime2/luis/processes/27613-1761068474.11@luis/tmp/q2-OutPath-znp8s205/PUF-IPEX-1_4_L001_R2_001.fastq

Running external command line application. This may print messages to stdout and/or stderr.
The command being run is below. This command cannot be manually re-run as it will depend on temporary files that no longer exist.

Command: vsearch --fastq_mergepairs /tmp/qiime2/luis/data/525d0eec-1ebc-4dbb-8cd1-07f31c65aef8/data/PUF-IPEX-3_S362_L001_R1_001.fastq.gz --reverse /tmp/qiime2/luis/data/525d0eec-1ebc-4dbb-8cd1-07f31c65aef8/data/PUF-IPEX-3_S362_L001_R2_001.fastq.gz --fastqout /tmp/qiime2/luis/processes/27613-1761068474.11@luis/tmp/q2-OutPath-qgae9c0w/PUF-IPEX-3_5_L001_R1_001.fastq --fastqout_notmerged_fwd /tmp/qiime2/luis/processes/27613-1761068474.11@luis/tmp/q2-OutPath-znp8s205/PUF-IPEX-3_5_L001_R1_001.fastq --fastqout_notmerged_rev /tmp/qiime2/luis/processes/27613-1761068474.11@luis/tmp/q2-OutPath-znp8s205/PUF-IPEX-3_5_L001_R2_001.fastq --fastq_ascii 33 --fastq_minlen 1 --fastq_minovlen 200 --fastq_maxdiffs 10 --fastq_qmin 0 --fastq_qminout 0 --fastq_qmax 41 --fastq_qmaxout 41 --fasta_width 0 --fastq_truncqual 26 --fastq_minmergelen 313 --fastq_maxmergelen 313 --fastq_maxee 1 --threads 4

Running external command line application. This may print messages to stdout and/or stderr.
The command being run is below. This command cannot be manually re-run as it will depend on temporary files that no longer exist.

Command: gzip /tmp/qiime2/luis/processes/27613-1761068474.11@luis/tmp/q2-OutPath-qgae9c0w/PUF-IPEX-3_5_L001_R1_001.fastq /tmp/qiime2/luis/processes/27613-1761068474.11@luis/tmp/q2-OutPath-znp8s205/PUF-IPEX-3_5_L001_R1_001.fastq /tmp/qiime2/luis/processes/27613-1761068474.11@luis/tmp/q2-OutPath-znp8s205/PUF-IPEX-3_5_L001_R2_001.fastq

Running external command line application. This may print messages to stdout and/or stderr.
The command being run is below. This command cannot be manually re-run as it will depend on temporary files that no longer exist.

Command: vsearch --fastq_mergepairs /tmp/qiime2/luis/data/525d0eec-1ebc-4dbb-8cd1-07f31c65aef8/data/PUF-IPEX-8_S363_L001_R1_001.fastq.gz --reverse /tmp/qiime2/luis/data/525d0eec-1ebc-4dbb-8cd1-07f31c65aef8/data/PUF-IPEX-8_S363_L001_R2_001.fastq.gz --fastqout /tmp/qiime2/luis/processes/27613-1761068474.11@luis/tmp/q2-OutPath-qgae9c0w/PUF-IPEX-8_6_L001_R1_001.fastq --fastqout_notmerged_fwd /tmp/qiime2/luis/processes/27613-1761068474.11@luis/tmp/q2-OutPath-znp8s205/PUF-IPEX-8_6_L001_R1_001.fastq --fastqout_notmerged_rev /tmp/qiime2/luis/processes/27613-1761068474.11@luis/tmp/q2-OutPath-znp8s205/PUF-IPEX-8_6_L001_R2_001.fastq --fastq_ascii 33 --fastq_minlen 1 --fastq_minovlen 200 --fastq_maxdiffs 10 --fastq_qmin 0 --fastq_qminout 0 --fastq_qmax 41 --fastq_qmaxout 41 --fasta_width 0 --fastq_truncqual 26 --fastq_minmergelen 313 --fastq_maxmergelen 313 --fastq_maxee 1 --threads 4

Running external command line application. This may print messages to stdout and/or stderr.
The command being run is below. This command cannot be manually re-run as it will depend on temporary files that no longer exist.

Command: gzip /tmp/qiime2/luis/processes/27613-1761068474.11@luis/tmp/q2-OutPath-qgae9c0w/PUF-IPEX-8_6_L001_R1_001.fastq /tmp/qiime2/luis/processes/27613-1761068474.11@luis/tmp/q2-OutPath-znp8s205/PUF-IPEX-8_6_L001_R1_001.fastq /tmp/qiime2/luis/processes/27613-1761068474.11@luis/tmp/q2-OutPath-znp8s205/PUF-IPEX-8_6_L001_R2_001.fastq

Running external command line application. This may print messages to stdout and/or stderr.
The command being run is below. This command cannot be manually re-run as it will depend on temporary files that no longer exist.

Command: vsearch --fastq_mergepairs /tmp/qiime2/luis/data/525d0eec-1ebc-4dbb-8cd1-07f31c65aef8/data/PUF-JD-10_S356_L001_R1_001.fastq.gz --reverse /tmp/qiime2/luis/data/525d0eec-1ebc-4dbb-8cd1-07f31c65aef8/data/PUF-JD-10_S356_L001_R2_001.fastq.gz --fastqout /tmp/qiime2/luis/processes/27613-1761068474.11@luis/tmp/q2-OutPath-qgae9c0w/PUF-JD-10_7_L001_R1_001.fastq --fastqout_notmerged_fwd /tmp/qiime2/luis/processes/27613-1761068474.11@luis/tmp/q2-OutPath-znp8s205/PUF-JD-10_7_L001_R1_001.fastq --fastqout_notmerged_rev /tmp/qiime2/luis/processes/27613-1761068474.11@luis/tmp/q2-OutPath-znp8s205/PUF-JD-10_7_L001_R2_001.fastq --fastq_ascii 33 --fastq_minlen 1 --fastq_minovlen 200 --fastq_maxdiffs 10 --fastq_qmin 0 --fastq_qminout 0 --fastq_qmax 41 --fastq_qmaxout 41 --fasta_width 0 --fastq_truncqual 26 --fastq_minmergelen 313 --fastq_maxmergelen 313 --fastq_maxee 1 --threads 4

Running external command line application. This may print messages to stdout and/or stderr.
The command being run is below. This command cannot be manually re-run as it will depend on temporary files that no longer exist.

Command: gzip /tmp/qiime2/luis/processes/27613-1761068474.11@luis/tmp/q2-OutPath-qgae9c0w/PUF-JD-10_7_L001_R1_001.fastq /tmp/qiime2/luis/processes/27613-1761068474.11@luis/tmp/q2-OutPath-znp8s205/PUF-JD-10_7_L001_R1_001.fastq /tmp/qiime2/luis/processes/27613-1761068474.11@luis/tmp/q2-OutPath-znp8s205/PUF-JD-10_7_L001_R2_001.fastq

Running external command line application. This may print messages to stdout and/or stderr.
The command being run is below. This command cannot be manually re-run as it will depend on temporary files that no longer exist.

Command: vsearch --fastq_mergepairs /tmp/qiime2/luis/data/525d0eec-1ebc-4dbb-8cd1-07f31c65aef8/data/PUF-JD14_S366_L001_R1_001.fastq.gz --reverse /tmp/qiime2/luis/data/525d0eec-1ebc-4dbb-8cd1-07f31c65aef8/data/PUF-JD14_S366_L001_R2_001.fastq.gz --fastqout /tmp/qiime2/luis/processes/27613-1761068474.11@luis/tmp/q2-OutPath-qgae9c0w/PUF-JD14_8_L001_R1_001.fastq --fastqout_notmerged_fwd /tmp/qiime2/luis/processes/27613-1761068474.11@luis/tmp/q2-OutPath-znp8s205/PUF-JD14_8_L001_R1_001.fastq --fastqout_notmerged_rev /tmp/qiime2/luis/processes/27613-1761068474.11@luis/tmp/q2-OutPath-znp8s205/PUF-JD14_8_L001_R2_001.fastq --fastq_ascii 33 --fastq_minlen 1 --fastq_minovlen 200 --fastq_maxdiffs 10 --fastq_qmin 0 --fastq_qminout 0 --fastq_qmax 41 --fastq_qmaxout 41 --fasta_width 0 --fastq_truncqual 26 --fastq_minmergelen 313 --fastq_maxmergelen 313 --fastq_maxee 1 --threads 4

Running external command line application. This may print messages to stdout and/or stderr.
The command being run is below. This command cannot be manually re-run as it will depend on temporary files that no longer exist.

Command: gzip /tmp/qiime2/luis/processes/27613-1761068474.11@luis/tmp/q2-OutPath-qgae9c0w/PUF-JD14_8_L001_R1_001.fastq /tmp/qiime2/luis/processes/27613-1761068474.11@luis/tmp/q2-OutPath-znp8s205/PUF-JD14_8_L001_R1_001.fastq /tmp/qiime2/luis/processes/27613-1761068474.11@luis/tmp/q2-OutPath-znp8s205/PUF-JD14_8_L001_R2_001.fastq

Running external command line application. This may print messages to stdout and/or stderr.
The command being run is below. This command cannot be manually re-run as it will depend on temporary files that no longer exist.

Command: vsearch --fastq_mergepairs /tmp/qiime2/luis/data/525d0eec-1ebc-4dbb-8cd1-07f31c65aef8/data/PUF-MBO-4_S357_L001_R1_001.fastq.gz --reverse /tmp/qiime2/luis/data/525d0eec-1ebc-4dbb-8cd1-07f31c65aef8/data/PUF-MBO-4_S357_L001_R2_001.fastq.gz --fastqout /tmp/qiime2/luis/processes/27613-1761068474.11@luis/tmp/q2-OutPath-qgae9c0w/PUF-MBO-4_9_L001_R1_001.fastq --fastqout_notmerged_fwd /tmp/qiime2/luis/processes/27613-1761068474.11@luis/tmp/q2-OutPath-znp8s205/PUF-MBO-4_9_L001_R1_001.fastq --fastqout_notmerged_rev /tmp/qiime2/luis/processes/27613-1761068474.11@luis/tmp/q2-OutPath-znp8s205/PUF-MBO-4_9_L001_R2_001.fastq --fastq_ascii 33 --fastq_minlen 1 --fastq_minovlen 200 --fastq_maxdiffs 10 --fastq_qmin 0 --fastq_qminout 0 --fastq_qmax 41 --fastq_qmaxout 41 --fasta_width 0 --fastq_truncqual 26 --fastq_minmergelen 313 --fastq_maxmergelen 313 --fastq_maxee 1 --threads 4

Running external command line application. This may print messages to stdout and/or stderr.
vsearch v2.22.1_linux_x86_64, 14.9GB RAM, 12 cores
https://github.com/torognes/vsearch

Merging reads 100%
      4142  Pairs
         0  Merged (0.0%)
      4142  Not merged (100.0%)

Pairs that failed merging due to various reasons:
       114  reads too short (after truncation)
      3553  too few kmers found on same diagonal
       109  alignment score too low, or score drop too high
        44  overlap too short
       322  staggered read pairs

Statistics of all reads:
     43.55  Mean read length
The command being run is below. This command cannot be manually re-run as it will depend on temporary files that no longer exist.

Command: gzip /tmp/qiime2/luis/processes/27613-1761068474.11@luis/tmp/q2-OutPath-qgae9c0w/PUF-MBO-4_9_L001_R1_001.fastq /tmp/qiime2/luis/processes/27613-1761068474.11@luis/tmp/q2-OutPath-znp8s205/PUF-MBO-4_9_L001_R1_001.fastq /tmp/qiime2/luis/processes/27613-1761068474.11@luis/tmp/q2-OutPath-znp8s205/PUF-MBO-4_9_L001_R2_001.fastq

Running external command line application. This may print messages to stdout and/or stderr.
The command being run is below. This command cannot be manually re-run as it will depend on temporary files that no longer exist.

Command: vsearch --fastq_mergepairs /tmp/qiime2/luis/data/525d0eec-1ebc-4dbb-8cd1-07f31c65aef8/data/ctrl-PCR-neg-PUF_S358_L001_R1_001.fastq.gz --reverse /tmp/qiime2/luis/data/525d0eec-1ebc-4dbb-8cd1-07f31c65aef8/data/ctrl-PCR-neg-PUF_S358_L001_R2_001.fastq.gz --fastqout /tmp/qiime2/luis/processes/27613-1761068474.11@luis/tmp/q2-OutPath-qgae9c0w/ctrl-PCR-neg-PUF_10_L001_R1_001.fastq --fastqout_notmerged_fwd /tmp/qiime2/luis/processes/27613-1761068474.11@luis/tmp/q2-OutPath-znp8s205/ctrl-PCR-neg-PUF_10_L001_R1_001.fastq --fastqout_notmerged_rev /tmp/qiime2/luis/processes/27613-1761068474.11@luis/tmp/q2-OutPath-znp8s205/ctrl-PCR-neg-PUF_10_L001_R2_001.fastq --fastq_ascii 33 --fastq_minlen 1 --fastq_minovlen 200 --fastq_maxdiffs 10 --fastq_qmin 0 --fastq_qminout 0 --fastq_qmax 41 --fastq_qmaxout 41 --fasta_width 0 --fastq_truncqual 26 --fastq_minmergelen 313 --fastq_maxmergelen 313 --fastq_maxee 1 --threads 4

Running external command line application. This may print messages to stdout and/or stderr.
The command being run is below. This command cannot be manually re-run as it will depend on temporary files that no longer exist.

Command: gzip /tmp/qiime2/luis/processes/27613-1761068474.11@luis/tmp/q2-OutPath-qgae9c0w/ctrl-PCR-neg-PUF_10_L001_R1_001.fastq /tmp/qiime2/luis/processes/27613-1761068474.11@luis/tmp/q2-OutPath-znp8s205/ctrl-PCR-neg-PUF_10_L001_R1_001.fastq /tmp/qiime2/luis/processes/27613-1761068474.11@luis/tmp/q2-OutPath-znp8s205/ctrl-PCR-neg-PUF_10_L001_R2_001.fastq

Saved SampleData[JoinedSequencesWithQuality] to: ../data/03_merged_t26_l200.qza
Saved SampleData[PairedEndSequencesWithQuality] to: ../data/03_unmerged_t26_l200.qza
