vsearch v2.22.1_linux_x86_64, 14.9GB RAM, 12 cores
https://github.com/torognes/vsearch

Merging reads 100%
      3136  Pairs
        24  Merged (0.8%)
      3112  Not merged (99.2%)

Pairs that failed merging due to various reasons:
        33  reads too short (after truncation)
      2517  too few kmers found on same diagonal
         1  multiple potential alignments
       165  alignment score too low, or score drop too high
       112  overlap too short
        41  merged fragment too short
       243  staggered read pairs

Statistics of all reads:
     76.26  Mean read length

Statistics of merged reads:
    313.00  Mean fragment length
      0.00  Standard deviation of fragment length
      0.06  Mean expected error in forward sequences
      0.05  Mean expected error in reverse sequences
      0.04  Mean expected error in merged sequences
      0.00  Mean observed errors in merged region of forward sequences
      0.00  Mean observed errors in merged region of reverse sequences
      0.00  Mean observed errors in merged region
vsearch v2.22.1_linux_x86_64, 14.9GB RAM, 12 cores
https://github.com/torognes/vsearch

Merging reads 100%
     35643  Pairs
      9086  Merged (25.5%)
     26557  Not merged (74.5%)

Pairs that failed merging due to various reasons:
       223  reads too short (after truncation)
     17127  too few kmers found on same diagonal
      2210  alignment score too low, or score drop too high
      5808  overlap too short
       734  merged fragment too short
       370  merged fragment too long
        85  staggered read pairs

Statistics of all reads:
    267.01  Mean read length

Statistics of merged reads:
    313.00  Mean fragment length
      0.00  Standard deviation of fragment length
      0.05  Mean expected error in forward sequences
      0.06  Mean expected error in reverse sequences
      0.04  Mean expected error in merged sequences
      0.00  Mean observed errors in merged region of forward sequences
      0.02  Mean observed errors in merged region of reverse sequences
      0.02  Mean observed errors in merged region
vsearch v2.22.1_linux_x86_64, 14.9GB RAM, 12 cores
https://github.com/torognes/vsearch

Merging reads 100%
      2076  Pairs
        86  Merged (4.1%)
      1990  Not merged (95.9%)

Pairs that failed merging due to various reasons:
        20  reads too short (after truncation)
      1006  too few kmers found on same diagonal
       313  alignment score too low, or score drop too high
       383  overlap too short
       163  merged fragment too short
        23  merged fragment too long
        82  staggered read pairs

Statistics of all reads:
    219.58  Mean read length

Statistics of merged reads:
    313.00  Mean fragment length
      0.00  Standard deviation of fragment length
      0.06  Mean expected error in forward sequences
      0.05  Mean expected error in reverse sequences
      0.04  Mean expected error in merged sequences
      0.00  Mean observed errors in merged region of forward sequences
      0.03  Mean observed errors in merged region of reverse sequences
      0.03  Mean observed errors in merged region
vsearch v2.22.1_linux_x86_64, 14.9GB RAM, 12 cores
https://github.com/torognes/vsearch

Merging reads 100%
     14572  Pairs
      1435  Merged (9.8%)
     13137  Not merged (90.2%)

Pairs that failed merging due to various reasons:
       111  reads too short (after truncation)
     10526  too few kmers found on same diagonal
         3  multiple potential alignments
       712  alignment score too low, or score drop too high
      1071  overlap too short
       170  merged fragment too short
        13  merged fragment too long
       531  staggered read pairs

Statistics of all reads:
    137.59  Mean read length

Statistics of merged reads:
    313.00  Mean fragment length
      0.00  Standard deviation of fragment length
      0.05  Mean expected error in forward sequences
      0.06  Mean expected error in reverse sequences
      0.04  Mean expected error in merged sequences
      0.00  Mean observed errors in merged region of forward sequences
      0.02  Mean observed errors in merged region of reverse sequences
      0.02  Mean observed errors in merged region
vsearch v2.22.1_linux_x86_64, 14.9GB RAM, 12 cores
https://github.com/torognes/vsearch

Merging reads 100%
      9301  Pairs
       550  Merged (5.9%)
      8751  Not merged (94.1%)

Pairs that failed merging due to various reasons:
        84  reads too short (after truncation)
      7144  too few kmers found on same diagonal
       416  alignment score too low, or score drop too high
       431  overlap too short
        83  merged fragment too short
         3  merged fragment too long
       590  staggered read pairs

Statistics of all reads:
    102.76  Mean read length

Statistics of merged reads:
    313.00  Mean fragment length
      0.00  Standard deviation of fragment length
      0.05  Mean expected error in forward sequences
      0.06  Mean expected error in reverse sequences
      0.04  Mean expected error in merged sequences
      0.00  Mean observed errors in merged region of forward sequences
      0.01  Mean observed errors in merged region of reverse sequences
      0.01  Mean observed errors in merged region
Running external command line application. This may print messages to stdout and/or stderr.
The command being run is below. This command cannot be manually re-run as it will depend on temporary files that no longer exist.

Command: vsearch --fastq_mergepairs /tmp/qiime2/luis/data/525d0eec-1ebc-4dbb-8cd1-07f31c65aef8/data/CTRL-neg-extraction-PUF_S361_L001_R1_001.fastq.gz --reverse /tmp/qiime2/luis/data/525d0eec-1ebc-4dbb-8cd1-07f31c65aef8/data/CTRL-neg-extraction-PUF_S361_L001_R2_001.fastq.gz --fastqout /tmp/qiime2/luis/processes/23870-1761067697.67@luis/tmp/q2-OutPath-7zu2gk5w/CTRL-neg-extraction-PUF_0_L001_R1_001.fastq --fastqout_notmerged_fwd /tmp/qiime2/luis/processes/23870-1761067697.67@luis/tmp/q2-OutPath-qijwhn7r/CTRL-neg-extraction-PUF_0_L001_R1_001.fastq --fastqout_notmerged_rev /tmp/qiime2/luis/processes/23870-1761067697.67@luis/tmp/q2-OutPath-qijwhn7r/CTRL-neg-extraction-PUF_0_L001_R2_001.fastq --fastq_ascii 33 --fastq_minlen 1 --fastq_minovlen 100 --fastq_maxdiffs 10 --fastq_qmin 0 --fastq_qminout 0 --fastq_qmax 41 --fastq_qmaxout 41 --fasta_width 0 --fastq_truncqual 20 --fastq_minmergelen 313 --fastq_maxmergelen 313 --fastq_maxee 1 --threads 4

Running external command line application. This may print messages to stdout and/or stderr.
The command being run is below. This command cannot be manually re-run as it will depend on temporary files that no longer exist.

Command: gzip /tmp/qiime2/luis/processes/23870-1761067697.67@luis/tmp/q2-OutPath-7zu2gk5w/CTRL-neg-extraction-PUF_0_L001_R1_001.fastq /tmp/qiime2/luis/processes/23870-1761067697.67@luis/tmp/q2-OutPath-qijwhn7r/CTRL-neg-extraction-PUF_0_L001_R1_001.fastq /tmp/qiime2/luis/processes/23870-1761067697.67@luis/tmp/q2-OutPath-qijwhn7r/CTRL-neg-extraction-PUF_0_L001_R2_001.fastq

Running external command line application. This may print messages to stdout and/or stderr.
The command being run is below. This command cannot be manually re-run as it will depend on temporary files that no longer exist.

Command: vsearch --fastq_mergepairs /tmp/qiime2/luis/data/525d0eec-1ebc-4dbb-8cd1-07f31c65aef8/data/PUF-BOT-10_S365_L001_R1_001.fastq.gz --reverse /tmp/qiime2/luis/data/525d0eec-1ebc-4dbb-8cd1-07f31c65aef8/data/PUF-BOT-10_S365_L001_R2_001.fastq.gz --fastqout /tmp/qiime2/luis/processes/23870-1761067697.67@luis/tmp/q2-OutPath-7zu2gk5w/PUF-BOT-10_1_L001_R1_001.fastq --fastqout_notmerged_fwd /tmp/qiime2/luis/processes/23870-1761067697.67@luis/tmp/q2-OutPath-qijwhn7r/PUF-BOT-10_1_L001_R1_001.fastq --fastqout_notmerged_rev /tmp/qiime2/luis/processes/23870-1761067697.67@luis/tmp/q2-OutPath-qijwhn7r/PUF-BOT-10_1_L001_R2_001.fastq --fastq_ascii 33 --fastq_minlen 1 --fastq_minovlen 100 --fastq_maxdiffs 10 --fastq_qmin 0 --fastq_qminout 0 --fastq_qmax 41 --fastq_qmaxout 41 --fasta_width 0 --fastq_truncqual 20 --fastq_minmergelen 313 --fastq_maxmergelen 313 --fastq_maxee 1 --threads 4

Running external command line application. This may print messages to stdout and/or stderr.
The command being run is below. This command cannot be manually re-run as it will depend on temporary files that no longer exist.

Command: gzip /tmp/qiime2/luis/processes/23870-1761067697.67@luis/tmp/q2-OutPath-7zu2gk5w/PUF-BOT-10_1_L001_R1_001.fastq /tmp/qiime2/luis/processes/23870-1761067697.67@luis/tmp/q2-OutPath-qijwhn7r/PUF-BOT-10_1_L001_R1_001.fastq /tmp/qiime2/luis/processes/23870-1761067697.67@luis/tmp/q2-OutPath-qijwhn7r/PUF-BOT-10_1_L001_R2_001.fastq

Running external command line application. This may print messages to stdout and/or stderr.
The command being run is below. This command cannot be manually re-run as it will depend on temporary files that no longer exist.

Command: vsearch --fastq_mergepairs /tmp/qiime2/luis/data/525d0eec-1ebc-4dbb-8cd1-07f31c65aef8/data/PUF-BOT-3_S364_L001_R1_001.fastq.gz --reverse /tmp/qiime2/luis/data/525d0eec-1ebc-4dbb-8cd1-07f31c65aef8/data/PUF-BOT-3_S364_L001_R2_001.fastq.gz --fastqout /tmp/qiime2/luis/processes/23870-1761067697.67@luis/tmp/q2-OutPath-7zu2gk5w/PUF-BOT-3_2_L001_R1_001.fastq --fastqout_notmerged_fwd /tmp/qiime2/luis/processes/23870-1761067697.67@luis/tmp/q2-OutPath-qijwhn7r/PUF-BOT-3_2_L001_R1_001.fastq --fastqout_notmerged_rev /tmp/qiime2/luis/processes/23870-1761067697.67@luis/tmp/q2-OutPath-qijwhn7r/PUF-BOT-3_2_L001_R2_001.fastq --fastq_ascii 33 --fastq_minlen 1 --fastq_minovlen 100 --fastq_maxdiffs 10 --fastq_qmin 0 --fastq_qminout 0 --fastq_qmax 41 --fastq_qmaxout 41 --fasta_width 0 --fastq_truncqual 20 --fastq_minmergelen 313 --fastq_maxmergelen 313 --fastq_maxee 1 --threads 4

Running external command line application. This may print messages to stdout and/or stderr.
The command being run is below. This command cannot be manually re-run as it will depend on temporary files that no longer exist.

Command: gzip /tmp/qiime2/luis/processes/23870-1761067697.67@luis/tmp/q2-OutPath-7zu2gk5w/PUF-BOT-3_2_L001_R1_001.fastq /tmp/qiime2/luis/processes/23870-1761067697.67@luis/tmp/q2-OutPath-qijwhn7r/PUF-BOT-3_2_L001_R1_001.fastq /tmp/qiime2/luis/processes/23870-1761067697.67@luis/tmp/q2-OutPath-qijwhn7r/PUF-BOT-3_2_L001_R2_001.fastq

Running external command line application. This may print messages to stdout and/or stderr.
The command being run is below. This command cannot be manually re-run as it will depend on temporary files that no longer exist.

Command: vsearch --fastq_mergepairs /tmp/qiime2/luis/data/525d0eec-1ebc-4dbb-8cd1-07f31c65aef8/data/PUF-BOU-7_S359_L001_R1_001.fastq.gz --reverse /tmp/qiime2/luis/data/525d0eec-1ebc-4dbb-8cd1-07f31c65aef8/data/PUF-BOU-7_S359_L001_R2_001.fastq.gz --fastqout /tmp/qiime2/luis/processes/23870-1761067697.67@luis/tmp/q2-OutPath-7zu2gk5w/PUF-BOU-7_3_L001_R1_001.fastq --fastqout_notmerged_fwd /tmp/qiime2/luis/processes/23870-1761067697.67@luis/tmp/q2-OutPath-qijwhn7r/PUF-BOU-7_3_L001_R1_001.fastq --fastqout_notmerged_rev /tmp/qiime2/luis/processes/23870-1761067697.67@luis/tmp/q2-OutPath-qijwhn7r/PUF-BOU-7_3_L001_R2_001.fastq --fastq_ascii 33 --fastq_minlen 1 --fastq_minovlen 100 --fastq_maxdiffs 10 --fastq_qmin 0 --fastq_qminout 0 --fastq_qmax 41 --fastq_qmaxout 41 --fasta_width 0 --fastq_truncqual 20 --fastq_minmergelen 313 --fastq_maxmergelen 313 --fastq_maxee 1 --threads 4

Running external command line application. This may print messages to stdout and/or stderr.
The command being run is below. This command cannot be manually re-run as it will depend on temporary files that no longer exist.

Command: gzip /tmp/qiime2/luis/processes/23870-1761067697.67@luis/tmp/q2-OutPath-7zu2gk5w/PUF-BOU-7_3_L001_R1_001.fastq /tmp/qiime2/luis/processes/23870-1761067697.67@luis/tmp/q2-OutPath-qijwhn7r/PUF-BOU-7_3_L001_R1_001.fastq /tmp/qiime2/luis/processes/23870-1761067697.67@luis/tmp/q2-OutPath-qijwhn7r/PUF-BOU-7_3_L001_R2_001.fastq

Running external command line application. This may print messages to stdout and/or stderr.
The command being run is below. This command cannot be manually re-run as it will depend on temporary files that no longer exist.

Command: vsearch --fastq_mergepairs /tmp/qiime2/luis/data/525d0eec-1ebc-4dbb-8cd1-07f31c65aef8/data/PUF-IPEX-1_S360_L001_R1_001.fastq.gz --reverse /tmp/qiime2/luis/data/525d0eec-1ebc-4dbb-8cd1-07f31c65aef8/data/PUF-IPEX-1_S360_L001_R2_001.fastq.gz --fastqout /tmp/qiime2/luis/processes/23870-1761067697.67@luis/tmp/q2-OutPath-7zu2gk5w/PUF-IPEX-1_4_L001_R1_001.fastq --fastqout_notmerged_fwd /tmp/qiime2/luis/processes/23870-1761067697.67@luis/tmp/q2-OutPath-qijwhn7r/PUF-IPEX-1_4_L001_R1_001.fastq --fastqout_notmerged_rev /tmp/qiime2/luis/processes/23870-1761067697.67@luis/tmp/q2-OutPath-qijwhn7r/PUF-IPEX-1_4_L001_R2_001.fastq --fastq_ascii 33 --fastq_minlen 1 --fastq_minovlen 100 --fastq_maxdiffs 10 --fastq_qmin 0 --fastq_qminout 0 --fastq_qmax 41 --fastq_qmaxout 41 --fasta_width 0 --fastq_truncqual 20 --fastq_minmergelen 313 --fastq_maxmergelen 313 --fastq_maxee 1 --threads 4

Running external command line application. This may print messages to stdout and/or stderr.
The command being run is below. This command cannot be manually re-run as it will depend on temporary files that no longer exist.

Command: vsearch v2.22.1_linux_x86_64, 14.9GB RAM, 12 cores
https://github.com/torognes/vsearch

Merging reads 100%
     66163  Pairs
     14424  Merged (21.8%)
     51739  Not merged (78.2%)

Pairs that failed merging due to various reasons:
       542  reads too short (after truncation)
     27450  too few kmers found on same diagonal
         1  multiple potential alignments
      9803  alignment score too low, or score drop too high
     11112  overlap too short
      1691  merged fragment too short
       859  merged fragment too long
       281  staggered read pairs

Statistics of all reads:
    260.46  Mean read length

Statistics of merged reads:
    313.00  Mean fragment length
      0.00  Standard deviation of fragment length
      0.05  Mean expected error in forward sequences
      0.06  Mean expected error in reverse sequences
      0.04  Mean expected error in merged sequences
      0.00  Mean observed errors in merged region of forward sequences
      0.02  Mean observed errors in merged region of reverse sequences
      0.02  Mean observed errors in merged region
vsearch v2.22.1_linux_x86_64, 14.9GB RAM, 12 cores
https://github.com/torognes/vsearch

Merging reads 100%
    112179  Pairs
     29362  Merged (26.2%)
     82817  Not merged (73.8%)

Pairs that failed merging due to various reasons:
       805  reads too short (after truncation)
     52649  too few kmers found on same diagonal
         1  multiple potential alignments
      8558  alignment score too low, or score drop too high
     17373  overlap too short
      2500  merged fragment too short
       423  merged fragment too long
       508  staggered read pairs

Statistics of all reads:
    262.04  Mean read length

Statistics of merged reads:
    313.00  Mean fragment length
      0.00  Standard deviation of fragment length
      0.05  Mean expected error in forward sequences
      0.06  Mean expected error in reverse sequences
      0.04  Mean expected error in merged sequences
      0.00  Mean observed errors in merged region of forward sequences
      0.02  Mean observed errors in merged region of reverse sequences
      0.03  Mean observed errors in merged region
vsearch v2.22.1_linux_x86_64, 14.9GB RAM, 12 cores
https://github.com/torognes/vsearch

Merging reads 100%
    137414  Pairs
     38302  Merged (27.9%)
     99112  Not merged (72.1%)

Pairs that failed merging due to various reasons:
       810  reads too short (after truncation)
     66161  too few kmers found on same diagonal
         2  multiple potential alignments
      7332  alignment score too low, or score drop too high
     22026  overlap too short
      1693  merged fragment too short
       665  merged fragment too long
       423  staggered read pairs

Statistics of all reads:
    267.80  Mean read length

Statistics of merged reads:
    313.00  Mean fragment length
      0.00  Standard deviation of fragment length
      0.05  Mean expected error in forward sequences
      0.05  Mean expected error in reverse sequences
      0.04  Mean expected error in merged sequences
      0.00  Mean observed errors in merged region of forward sequences
      0.02  Mean observed errors in merged region of reverse sequences
      0.02  Mean observed errors in merged region
vsearch v2.22.1_linux_x86_64, 14.9GB RAM, 12 cores
https://github.com/torognes/vsearch

Merging reads 100%
     45874  Pairs
     11293  Merged (24.6%)
     34581  Not merged (75.4%)

Pairs that failed merging due to various reasons:
       286  reads too short (after truncation)
     22283  too few kmers found on same diagonal
         3  multiple potential alignments
      3479  alignment score too low, or score drop too high
      6965  overlap too short
       736  merged fragment too short
       305  merged fragment too long
       524  staggered read pairs

Statistics of all reads:
    253.58  Mean read length

Statistics of merged reads:
    313.00  Mean fragment length
      0.00  Standard deviation of fragment length
      0.05  Mean expected error in forward sequences
      0.06  Mean expected error in reverse sequences
      0.04  Mean expected error in merged sequences
      0.00  Mean observed errors in merged region of forward sequences
      0.02  Mean observed errors in merged region of reverse sequences
      0.02  Mean observed errors in merged region
vsearch v2.22.1_linux_x86_64, 14.9GB RAM, 12 cores
https://github.com/torognes/vsearch

Merging reads 100%
     72806  Pairs
     18156  Merged (24.9%)
     54650  Not merged (75.1%)

Pairs that failed merging due to various reasons:
       480  reads too short (after truncation)
     36101  too few kmers found on same diagonal
         2  multiple potential alignments
      5473  alignment score too low, or score drop too high
     11356  overlap too short
       796  merged fragment too short
       268  merged fragment too long
       174  staggered read pairs

Statistics of all reads:
    264.05  Mean read length

Statistics of merged reads:
    313.00  Mean fragment length
      0.00  Standard deviation of fragment length
      0.05  Mean expected error in forward sequences
      0.05  Mean expected error in reverse sequences
      0.04  Mean expected error in merged sequences
      0.00  Mean observed errors in merged region of forward sequences
      0.02  Mean observed errors in merged region of reverse sequences
      0.02  Mean observed errors in merged region
gzip /tmp/qiime2/luis/processes/23870-1761067697.67@luis/tmp/q2-OutPath-7zu2gk5w/PUF-IPEX-1_4_L001_R1_001.fastq /tmp/qiime2/luis/processes/23870-1761067697.67@luis/tmp/q2-OutPath-qijwhn7r/PUF-IPEX-1_4_L001_R1_001.fastq /tmp/qiime2/luis/processes/23870-1761067697.67@luis/tmp/q2-OutPath-qijwhn7r/PUF-IPEX-1_4_L001_R2_001.fastq

Running external command line application. This may print messages to stdout and/or stderr.
The command being run is below. This command cannot be manually re-run as it will depend on temporary files that no longer exist.

Command: vsearch --fastq_mergepairs /tmp/qiime2/luis/data/525d0eec-1ebc-4dbb-8cd1-07f31c65aef8/data/PUF-IPEX-3_S362_L001_R1_001.fastq.gz --reverse /tmp/qiime2/luis/data/525d0eec-1ebc-4dbb-8cd1-07f31c65aef8/data/PUF-IPEX-3_S362_L001_R2_001.fastq.gz --fastqout /tmp/qiime2/luis/processes/23870-1761067697.67@luis/tmp/q2-OutPath-7zu2gk5w/PUF-IPEX-3_5_L001_R1_001.fastq --fastqout_notmerged_fwd /tmp/qiime2/luis/processes/23870-1761067697.67@luis/tmp/q2-OutPath-qijwhn7r/PUF-IPEX-3_5_L001_R1_001.fastq --fastqout_notmerged_rev /tmp/qiime2/luis/processes/23870-1761067697.67@luis/tmp/q2-OutPath-qijwhn7r/PUF-IPEX-3_5_L001_R2_001.fastq --fastq_ascii 33 --fastq_minlen 1 --fastq_minovlen 100 --fastq_maxdiffs 10 --fastq_qmin 0 --fastq_qminout 0 --fastq_qmax 41 --fastq_qmaxout 41 --fasta_width 0 --fastq_truncqual 20 --fastq_minmergelen 313 --fastq_maxmergelen 313 --fastq_maxee 1 --threads 4

Running external command line application. This may print messages to stdout and/or stderr.
The command being run is below. This command cannot be manually re-run as it will depend on temporary files that no longer exist.

Command: gzip /tmp/qiime2/luis/processes/23870-1761067697.67@luis/tmp/q2-OutPath-7zu2gk5w/PUF-IPEX-3_5_L001_R1_001.fastq /tmp/qiime2/luis/processes/23870-1761067697.67@luis/tmp/q2-OutPath-qijwhn7r/PUF-IPEX-3_5_L001_R1_001.fastq /tmp/qiime2/luis/processes/23870-1761067697.67@luis/tmp/q2-OutPath-qijwhn7r/PUF-IPEX-3_5_L001_R2_001.fastq

Running external command line application. This may print messages to stdout and/or stderr.
The command being run is below. This command cannot be manually re-run as it will depend on temporary files that no longer exist.

Command: vsearch --fastq_mergepairs /tmp/qiime2/luis/data/525d0eec-1ebc-4dbb-8cd1-07f31c65aef8/data/PUF-IPEX-8_S363_L001_R1_001.fastq.gz --reverse /tmp/qiime2/luis/data/525d0eec-1ebc-4dbb-8cd1-07f31c65aef8/data/PUF-IPEX-8_S363_L001_R2_001.fastq.gz --fastqout /tmp/qiime2/luis/processes/23870-1761067697.67@luis/tmp/q2-OutPath-7zu2gk5w/PUF-IPEX-8_6_L001_R1_001.fastq --fastqout_notmerged_fwd /tmp/qiime2/luis/processes/23870-1761067697.67@luis/tmp/q2-OutPath-qijwhn7r/PUF-IPEX-8_6_L001_R1_001.fastq --fastqout_notmerged_rev /tmp/qiime2/luis/processes/23870-1761067697.67@luis/tmp/q2-OutPath-qijwhn7r/PUF-IPEX-8_6_L001_R2_001.fastq --fastq_ascii 33 --fastq_minlen 1 --fastq_minovlen 100 --fastq_maxdiffs 10 --fastq_qmin 0 --fastq_qminout 0 --fastq_qmax 41 --fastq_qmaxout 41 --fasta_width 0 --fastq_truncqual 20 --fastq_minmergelen 313 --fastq_maxmergelen 313 --fastq_maxee 1 --threads 4

Running external command line application. This may print messages to stdout and/or stderr.
The command being run is below. This command cannot be manually re-run as it will depend on temporary files that no longer exist.

Command: gzip /tmp/qiime2/luis/processes/23870-1761067697.67@luis/tmp/q2-OutPath-7zu2gk5w/PUF-IPEX-8_6_L001_R1_001.fastq /tmp/qiime2/luis/processes/23870-1761067697.67@luis/tmp/q2-OutPath-qijwhn7r/PUF-IPEX-8_6_L001_R1_001.fastq /tmp/qiime2/luis/processes/23870-1761067697.67@luis/tmp/q2-OutPath-qijwhn7r/PUF-IPEX-8_6_L001_R2_001.fastq

Running external command line application. This may print messages to stdout and/or stderr.
The command being run is below. This command cannot be manually re-run as it will depend on temporary files that no longer exist.

Command: vsearch --fastq_mergepairs /tmp/qiime2/luis/data/525d0eec-1ebc-4dbb-8cd1-07f31c65aef8/data/PUF-JD-10_S356_L001_R1_001.fastq.gz --reverse /tmp/qiime2/luis/data/525d0eec-1ebc-4dbb-8cd1-07f31c65aef8/data/PUF-JD-10_S356_L001_R2_001.fastq.gz --fastqout /tmp/qiime2/luis/processes/23870-1761067697.67@luis/tmp/q2-OutPath-7zu2gk5w/PUF-JD-10_7_L001_R1_001.fastq --fastqout_notmerged_fwd /tmp/qiime2/luis/processes/23870-1761067697.67@luis/tmp/q2-OutPath-qijwhn7r/PUF-JD-10_7_L001_R1_001.fastq --fastqout_notmerged_rev /tmp/qiime2/luis/processes/23870-1761067697.67@luis/tmp/q2-OutPath-qijwhn7r/PUF-JD-10_7_L001_R2_001.fastq --fastq_ascii 33 --fastq_minlen 1 --fastq_minovlen 100 --fastq_maxdiffs 10 --fastq_qmin 0 --fastq_qminout 0 --fastq_qmax 41 --fastq_qmaxout 41 --fasta_width 0 --fastq_truncqual 20 --fastq_minmergelen 313 --fastq_maxmergelen 313 --fastq_maxee 1 --threads 4

Running external command line application. This may print messages to stdout and/or stderr.
The command being run is below. This command cannot be manually re-run as it will depend on temporary files that no longer exist.

Command: gzip /tmp/qiime2/luis/processes/23870-1761067697.67@luis/tmp/q2-OutPath-7zu2gk5w/PUF-JD-10_7_L001_R1_001.fastq /tmp/qiime2/luis/processes/23870-1761067697.67@luis/tmp/q2-OutPath-qijwhn7r/PUF-JD-10_7_L001_R1_001.fastq /tmp/qiime2/luis/processes/23870-1761067697.67@luis/tmp/q2-OutPath-qijwhn7r/PUF-JD-10_7_L001_R2_001.fastq

Running external command line application. This may print messages to stdout and/or stderr.
The command being run is below. This command cannot be manually re-run as it will depend on temporary files that no longer exist.

Command: vsearch --fastq_mergepairs /tmp/qiime2/luis/data/525d0eec-1ebc-4dbb-8cd1-07f31c65aef8/data/PUF-JD14_S366_L001_R1_001.fastq.gz --reverse /tmp/qiime2/luis/data/525d0eec-1ebc-4dbb-8cd1-07f31c65aef8/data/PUF-JD14_S366_L001_R2_001.fastq.gz --fastqout /tmp/qiime2/luis/processes/23870-1761067697.67@luis/tmp/q2-OutPath-7zu2gk5w/PUF-JD14_8_L001_R1_001.fastq --fastqout_notmerged_fwd /tmp/qiime2/luis/processes/23870-1761067697.67@luis/tmp/q2-OutPath-qijwhn7r/PUF-JD14_8_L001_R1_001.fastq --fastqout_notmerged_rev /tmp/qiime2/luis/processes/23870-1761067697.67@luis/tmp/q2-OutPath-qijwhn7r/PUF-JD14_8_L001_R2_001.fastq --fastq_ascii 33 --fastq_minlen 1 --fastq_minovlen 100 --fastq_maxdiffs 10 --fastq_qmin 0 --fastq_qminout 0 --fastq_qmax 41 --fastq_qmaxout 41 --fasta_width 0 --fastq_truncqual 20 --fastq_minmergelen 313 --fastq_maxmergelen 313 --fastq_maxee 1 --threads 4

Running external command line application. This may print messages to stdout and/or stderr.
The command being run is below. This command cannot be manually re-run as it will depend on temporary files that no longer exist.

Command: gzip /tmp/qiime2/luis/processes/23870-1761067697.67@luis/tmp/q2-OutPath-7zu2gk5w/PUF-JD14_8_L001_R1_001.fastq /tmp/qiime2/luis/processes/23870-1761067697.67@luis/tmp/q2-OutPath-qijwhn7r/PUF-JD14_8_L001_R1_001.fastq /tmp/qiime2/luis/processes/23870-1761067697.67@luis/tmp/q2-OutPath-qijwhn7r/PUF-JD14_8_L001_R2_001.fastq

Running external command line application. This may print messages to stdout and/or stderr.
The command being run is below. This command cannot be manually re-run as it will depend on temporary files that no longer exist.

Command: vsearch --fastq_mergepairs /tmp/qiime2/luis/data/525d0eec-1ebc-4dbb-8cd1-07f31c65aef8/data/PUF-MBO-4_S357_L001_R1_001.fastq.gz --reverse /tmp/qiime2/luis/data/525d0eec-1ebc-4dbb-8cd1-07f31c65aef8/data/PUF-MBO-4_S357_L001_R2_001.fastq.gz --fastqout /tmp/qiime2/luis/processes/23870-1761067697.67@luis/tmp/q2-OutPath-7zu2gk5w/PUF-MBO-4_9_L001_R1_001.fastq --fastqout_notmerged_fwd /tmp/qiime2/luis/processes/23870-1761067697.67@luis/tmp/q2-OutPath-qijwhn7r/PUF-MBO-4_9_L001_R1_001.fastq --fastqout_notmerged_rev /tmp/qiime2/luis/processes/23870-1761067697.67@luis/tmp/q2-OutPath-qijwhn7r/PUF-MBO-4_9_L001_R2_001.fastq --fastq_ascii 33 --fastq_minlen 1 --fastq_minovlen 100 --fastq_maxdiffs 10 --fastq_qmin 0 --fastq_qminout 0 --fastq_qmax 41 --fastq_qmaxout 41 --fasta_width 0 --fastq_truncqual 20 --fastq_minmergelen 313 --fastq_maxmergelen 313 --fastq_maxee 1 --threads 4

Running external command line application. This may print messages to stdout and/or stderr.
vsearch v2.22.1_linux_x86_64, 14.9GB RAM, 12 cores
https://github.com/torognes/vsearch

Merging reads 100%
      4142  Pairs
         0  Merged (0.0%)
      4142  Not merged (100.0%)

Pairs that failed merging due to various reasons:
        36  reads too short (after truncation)
      3520  too few kmers found on same diagonal
       151  alignment score too low, or score drop too high
        33  overlap too short
         1  merged fragment too short
       401  staggered read pairs

Statistics of all reads:
     43.55  Mean read length
The command being run is below. This command cannot be manually re-run as it will depend on temporary files that no longer exist.

Command: gzip /tmp/qiime2/luis/processes/23870-1761067697.67@luis/tmp/q2-OutPath-7zu2gk5w/PUF-MBO-4_9_L001_R1_001.fastq /tmp/qiime2/luis/processes/23870-1761067697.67@luis/tmp/q2-OutPath-qijwhn7r/PUF-MBO-4_9_L001_R1_001.fastq /tmp/qiime2/luis/processes/23870-1761067697.67@luis/tmp/q2-OutPath-qijwhn7r/PUF-MBO-4_9_L001_R2_001.fastq

Running external command line application. This may print messages to stdout and/or stderr.
The command being run is below. This command cannot be manually re-run as it will depend on temporary files that no longer exist.

Command: vsearch --fastq_mergepairs /tmp/qiime2/luis/data/525d0eec-1ebc-4dbb-8cd1-07f31c65aef8/data/ctrl-PCR-neg-PUF_S358_L001_R1_001.fastq.gz --reverse /tmp/qiime2/luis/data/525d0eec-1ebc-4dbb-8cd1-07f31c65aef8/data/ctrl-PCR-neg-PUF_S358_L001_R2_001.fastq.gz --fastqout /tmp/qiime2/luis/processes/23870-1761067697.67@luis/tmp/q2-OutPath-7zu2gk5w/ctrl-PCR-neg-PUF_10_L001_R1_001.fastq --fastqout_notmerged_fwd /tmp/qiime2/luis/processes/23870-1761067697.67@luis/tmp/q2-OutPath-qijwhn7r/ctrl-PCR-neg-PUF_10_L001_R1_001.fastq --fastqout_notmerged_rev /tmp/qiime2/luis/processes/23870-1761067697.67@luis/tmp/q2-OutPath-qijwhn7r/ctrl-PCR-neg-PUF_10_L001_R2_001.fastq --fastq_ascii 33 --fastq_minlen 1 --fastq_minovlen 100 --fastq_maxdiffs 10 --fastq_qmin 0 --fastq_qminout 0 --fastq_qmax 41 --fastq_qmaxout 41 --fasta_width 0 --fastq_truncqual 20 --fastq_minmergelen 313 --fastq_maxmergelen 313 --fastq_maxee 1 --threads 4

Running external command line application. This may print messages to stdout and/or stderr.
The command being run is below. This command cannot be manually re-run as it will depend on temporary files that no longer exist.

Command: gzip /tmp/qiime2/luis/processes/23870-1761067697.67@luis/tmp/q2-OutPath-7zu2gk5w/ctrl-PCR-neg-PUF_10_L001_R1_001.fastq /tmp/qiime2/luis/processes/23870-1761067697.67@luis/tmp/q2-OutPath-qijwhn7r/ctrl-PCR-neg-PUF_10_L001_R1_001.fastq /tmp/qiime2/luis/processes/23870-1761067697.67@luis/tmp/q2-OutPath-qijwhn7r/ctrl-PCR-neg-PUF_10_L001_R2_001.fastq

Saved SampleData[JoinedSequencesWithQuality] to: ../data/03_merged_t20_l100.qza
Saved SampleData[PairedEndSequencesWithQuality] to: ../data/03_unmerged_t20_l100.qza
